Archive member included to satisfy reference by file (symbol)

c:/st/stm32cubeide_1.4.0/stm32cubeide/plugins/com.st.stm32cube.ide.mcu.externaltools.gnu-tools-for-stm32.7-2018-q2-update.win32_1.4.0.202007081208/tools/bin/../lib/gcc/arm-none-eabi/7.3.1/../../../../arm-none-eabi/lib/thumb/v7e-m/fpv4-sp/hard\libc_nano.a(lib_a-errno.o)
                              Core/Src/syscalls.o (__errno)
c:/st/stm32cubeide_1.4.0/stm32cubeide/plugins/com.st.stm32cube.ide.mcu.externaltools.gnu-tools-for-stm32.7-2018-q2-update.win32_1.4.0.202007081208/tools/bin/../lib/gcc/arm-none-eabi/7.3.1/../../../../arm-none-eabi/lib/thumb/v7e-m/fpv4-sp/hard\libc_nano.a(lib_a-exit.o)
                              c:/st/stm32cubeide_1.4.0/stm32cubeide/plugins/com.st.stm32cube.ide.mcu.externaltools.gnu-tools-for-stm32.7-2018-q2-update.win32_1.4.0.202007081208/tools/bin/../lib/gcc/arm-none-eabi/7.3.1/../../../../arm-none-eabi/lib/thumb/v7e-m/fpv4-sp/hard/crt0.o (exit)
c:/st/stm32cubeide_1.4.0/stm32cubeide/plugins/com.st.stm32cube.ide.mcu.externaltools.gnu-tools-for-stm32.7-2018-q2-update.win32_1.4.0.202007081208/tools/bin/../lib/gcc/arm-none-eabi/7.3.1/../../../../arm-none-eabi/lib/thumb/v7e-m/fpv4-sp/hard\libc_nano.a(lib_a-impure.o)
                              c:/st/stm32cubeide_1.4.0/stm32cubeide/plugins/com.st.stm32cube.ide.mcu.externaltools.gnu-tools-for-stm32.7-2018-q2-update.win32_1.4.0.202007081208/tools/bin/../lib/gcc/arm-none-eabi/7.3.1/../../../../arm-none-eabi/lib/thumb/v7e-m/fpv4-sp/hard\libc_nano.a(lib_a-exit.o) (_global_impure_ptr)
c:/st/stm32cubeide_1.4.0/stm32cubeide/plugins/com.st.stm32cube.ide.mcu.externaltools.gnu-tools-for-stm32.7-2018-q2-update.win32_1.4.0.202007081208/tools/bin/../lib/gcc/arm-none-eabi/7.3.1/../../../../arm-none-eabi/lib/thumb/v7e-m/fpv4-sp/hard\libc_nano.a(lib_a-init.o)
                              c:/st/stm32cubeide_1.4.0/stm32cubeide/plugins/com.st.stm32cube.ide.mcu.externaltools.gnu-tools-for-stm32.7-2018-q2-update.win32_1.4.0.202007081208/tools/bin/../lib/gcc/arm-none-eabi/7.3.1/../../../../arm-none-eabi/lib/thumb/v7e-m/fpv4-sp/hard/crt0.o (__libc_init_array)
c:/st/stm32cubeide_1.4.0/stm32cubeide/plugins/com.st.stm32cube.ide.mcu.externaltools.gnu-tools-for-stm32.7-2018-q2-update.win32_1.4.0.202007081208/tools/bin/../lib/gcc/arm-none-eabi/7.3.1/../../../../arm-none-eabi/lib/thumb/v7e-m/fpv4-sp/hard\libc_nano.a(lib_a-memcpy-stub.o)
                              Core/Src/main.o (memcpy)
c:/st/stm32cubeide_1.4.0/stm32cubeide/plugins/com.st.stm32cube.ide.mcu.externaltools.gnu-tools-for-stm32.7-2018-q2-update.win32_1.4.0.202007081208/tools/bin/../lib/gcc/arm-none-eabi/7.3.1/../../../../arm-none-eabi/lib/thumb/v7e-m/fpv4-sp/hard\libc_nano.a(lib_a-memset.o)
                              c:/st/stm32cubeide_1.4.0/stm32cubeide/plugins/com.st.stm32cube.ide.mcu.externaltools.gnu-tools-for-stm32.7-2018-q2-update.win32_1.4.0.202007081208/tools/bin/../lib/gcc/arm-none-eabi/7.3.1/../../../../arm-none-eabi/lib/thumb/v7e-m/fpv4-sp/hard/crt0.o (memset)
c:/st/stm32cubeide_1.4.0/stm32cubeide/plugins/com.st.stm32cube.ide.mcu.externaltools.gnu-tools-for-stm32.7-2018-q2-update.win32_1.4.0.202007081208/tools/bin/../lib/gcc/arm-none-eabi/7.3.1/../../../../arm-none-eabi/lib/thumb/v7e-m/fpv4-sp/hard\libc_nano.a(lib_a-strcpy.o)
                              Core/Src/flash.o (strcpy)
c:/st/stm32cubeide_1.4.0/stm32cubeide/plugins/com.st.stm32cube.ide.mcu.externaltools.gnu-tools-for-stm32.7-2018-q2-update.win32_1.4.0.202007081208/tools/bin/../lib/gcc/arm-none-eabi/7.3.1/thumb/v7e-m/fpv4-sp/hard\libgcc.a(_aeabi_uldivmod.o)
                              Drivers/STM32L4xx_HAL_Driver/Src/stm32l4xx_hal_uart.o (__aeabi_uldivmod)
c:/st/stm32cubeide_1.4.0/stm32cubeide/plugins/com.st.stm32cube.ide.mcu.externaltools.gnu-tools-for-stm32.7-2018-q2-update.win32_1.4.0.202007081208/tools/bin/../lib/gcc/arm-none-eabi/7.3.1/thumb/v7e-m/fpv4-sp/hard\libgcc.a(_udivmoddi4.o)
                              c:/st/stm32cubeide_1.4.0/stm32cubeide/plugins/com.st.stm32cube.ide.mcu.externaltools.gnu-tools-for-stm32.7-2018-q2-update.win32_1.4.0.202007081208/tools/bin/../lib/gcc/arm-none-eabi/7.3.1/thumb/v7e-m/fpv4-sp/hard\libgcc.a(_aeabi_uldivmod.o) (__udivmoddi4)
c:/st/stm32cubeide_1.4.0/stm32cubeide/plugins/com.st.stm32cube.ide.mcu.externaltools.gnu-tools-for-stm32.7-2018-q2-update.win32_1.4.0.202007081208/tools/bin/../lib/gcc/arm-none-eabi/7.3.1/thumb/v7e-m/fpv4-sp/hard\libgcc.a(_dvmd_tls.o)
                              c:/st/stm32cubeide_1.4.0/stm32cubeide/plugins/com.st.stm32cube.ide.mcu.externaltools.gnu-tools-for-stm32.7-2018-q2-update.win32_1.4.0.202007081208/tools/bin/../lib/gcc/arm-none-eabi/7.3.1/thumb/v7e-m/fpv4-sp/hard\libgcc.a(_aeabi_uldivmod.o) (__aeabi_ldiv0)

Allocating common symbols
Common symbol       size              file

hi2c1               0x4c              Core/Src/main.o
uart1               0x80              Core/Src/main.o
flash_correct_password_buffor
                    0x4               Core/Src/flash.o
[...]
Memory Configuration

Name             Origin             Length             Attributes
RAM              0x0000000020000000 0x0000000000018000 xrw
RAM2             0x0000000010000000 0x0000000000008000 xrw
FLASH            0x0000000008000000 0x0000000000100000 xr
*default*        0x0000000000000000 0xffffffffffffffff

Linker script and memory map

LOAD c:/st/stm32cubeide_1.4.0/stm32cubeide/plugins/com.st.stm32cube.ide.mcu.externaltools.gnu-tools-for-stm32.7-2018-q2-update.win32_1.4.0.202007081208/tools/bin/../lib/gcc/arm-none-eabi/7.3.1/thumb/v7e-m/fpv4-sp/hard/crti.o
LOAD c:/st/stm32cubeide_1.4.0/stm32cubeide/plugins/com.st.stm32cube.ide.mcu.externaltools.gnu-tools-for-stm32.7-2018-q2-update.win32_1.4.0.202007081208/tools/bin/../lib/gcc/arm-none-eabi/7.3.1/thumb/v7e-m/fpv4-sp/hard/crtbegin.o
LOAD c:/st/stm32cubeide_1.4.0/stm32cubeide/plugins/com.st.stm32cube.ide.mcu.externaltools.gnu-tools-for-stm32.7-2018-q2-update.win32_1.4.0.202007081208/tools/bin/../lib/gcc/arm-none-eabi/7.3.1/../../../../arm-none-eabi/lib/thumb/v7e-m/fpv4-sp/hard/crt0.o
LOAD Core/Src/app.o
LOAD Core/Src/flash.o
LOAD Core/Src/keypad.o
LOAD Core/Src/lcd.o
LOAD Core/Src/main.o
LOAD Core/Src/stm32l4xx_hal_msp.o
LOAD Core/Src/stm32l4xx_it.o
LOAD Core/Src/syscalls.o
LOAD Core/Src/sysmem.o
LOAD Core/Src/system_stm32l4xx.o
LOAD Core/Startup/startup_stm32l476rgtx.o
LOAD Drivers/STM32L4xx_HAL_Driver/Src/stm32l4xx_hal.o
LOAD Drivers/STM32L4xx_HAL_Driver/Src/stm32l4xx_hal_cortex.o
LOAD Drivers/STM32L4xx_HAL_Driver/Src/stm32l4xx_hal_dma.o
LOAD Drivers/STM32L4xx_HAL_Driver/Src/stm32l4xx_hal_dma_ex.o
LOAD Drivers/STM32L4xx_HAL_Driver/Src/stm32l4xx_hal_exti.o
LOAD Drivers/STM32L4xx_HAL_Driver/Src/stm32l4xx_hal_flash.o
LOAD Drivers/STM32L4xx_HAL_Driver/Src/stm32l4xx_hal_flash_ex.o
LOAD Drivers/STM32L4xx_HAL_Driver/Src/stm32l4xx_hal_flash_ramfunc.o
LOAD Drivers/STM32L4xx_HAL_Driver/Src/stm32l4xx_hal_gpio.o
LOAD Drivers/STM32L4xx_HAL_Driver/Src/stm32l4xx_hal_i2c.o
LOAD Drivers/STM32L4xx_HAL_Driver/Src/stm32l4xx_hal_i2c_ex.o
LOAD Drivers/STM32L4xx_HAL_Driver/Src/stm32l4xx_hal_pwr.o
LOAD Drivers/STM32L4xx_HAL_Driver/Src/stm32l4xx_hal_pwr_ex.o
LOAD Drivers/STM32L4xx_HAL_Driver/Src/stm32l4xx_hal_rcc.o
LOAD Drivers/STM32L4xx_HAL_Driver/Src/stm32l4xx_hal_rcc_ex.o
LOAD Drivers/STM32L4xx_HAL_Driver/Src/stm32l4xx_hal_spi.o
LOAD Drivers/STM32L4xx_HAL_Driver/Src/stm32l4xx_hal_spi_ex.o
LOAD Drivers/STM32L4xx_HAL_Driver/Src/stm32l4xx_hal_tim.o
LOAD Drivers/STM32L4xx_HAL_Driver/Src/stm32l4xx_hal_tim_ex.o
LOAD Drivers/STM32L4xx_HAL_Driver/Src/stm32l4xx_hal_uart.o
LOAD Drivers/STM32L4xx_HAL_Driver/Src/stm32l4xx_hal_uart_ex.o
START GROUP
LOAD c:/st/stm32cubeide_1.4.0/stm32cubeide/plugins/com.st.stm32cube.ide.mcu.externaltools.gnu-tools-for-stm32.7-2018-q2-update.win32_1.4.0.202007081208/tools/bin/../lib/gcc/arm-none-eabi/7.3.1/../../../../arm-none-eabi/lib/thumb/v7e-m/fpv4-sp/hard\libc_nano.a
LOAD c:/st/stm32cubeide_1.4.0/stm32cubeide/plugins/com.st.stm32cube.ide.mcu.externaltools.gnu-tools-for-stm32.7-2018-q2-update.win32_1.4.0.202007081208/tools/bin/../lib/gcc/arm-none-eabi/7.3.1/../../../../arm-none-eabi/lib/thumb/v7e-m/fpv4-sp/hard\libm.a
END GROUP
START GROUP
LOAD c:/st/stm32cubeide_1.4.0/stm32cubeide/plugins/com.st.stm32cube.ide.mcu.externaltools.gnu-tools-for-stm32.7-2018-q2-update.win32_1.4.0.202007081208/tools/bin/../lib/gcc/arm-none-eabi/7.3.1/thumb/v7e-m/fpv4-sp/hard\libgcc.a
LOAD c:/st/stm32cubeide_1.4.0/stm32cubeide/plugins/com.st.stm32cube.ide.mcu.externaltools.gnu-tools-for-stm32.7-2018-q2-update.win32_1.4.0.202007081208/tools/bin/../lib/gcc/arm-none-eabi/7.3.1/../../../../arm-none-eabi/lib/thumb/v7e-m/fpv4-sp/hard\libc_nano.a
END GROUP
START GROUP
LOAD c:/st/stm32cubeide_1.4.0/stm32cubeide/plugins/com.st.stm32cube.ide.mcu.externaltools.gnu-tools-for-stm32.7-2018-q2-update.win32_1.4.0.202007081208/tools/bin/../lib/gcc/arm-none-eabi/7.3.1/thumb/v7e-m/fpv4-sp/hard\libgcc.a
LOAD c:/st/stm32cubeide_1.4.0/stm32cubeide/plugins/com.st.stm32cube.ide.mcu.externaltools.gnu-tools-for-stm32.7-2018-q2-update.win32_1.4.0.202007081208/tools/bin/../lib/gcc/arm-none-eabi/7.3.1/../../../../arm-none-eabi/lib/thumb/v7e-m/fpv4-sp/hard\libc_nano.a
LOAD c:/st/stm32cubeide_1.4.0/stm32cubeide/plugins/com.st.stm32cube.ide.mcu.externaltools.gnu-tools-for-stm32.7-2018-q2-update.win32_1.4.0.202007081208/tools/bin/../lib/gcc/arm-none-eabi/7.3.1/../../../../arm-none-eabi/lib/thumb/v7e-m/fpv4-sp/hard\libnosys.a
END GROUP
START GROUP
LOAD c:/st/stm32cubeide_1.4.0/stm32cubeide/plugins/com.st.stm32cube.ide.mcu.externaltools.gnu-tools-for-stm32.7-2018-q2-update.win32_1.4.0.202007081208/tools/bin/../lib/gcc/arm-none-eabi/7.3.1/thumb/v7e-m/fpv4-sp/hard\libgcc.a
LOAD c:/st/stm32cubeide_1.4.0/stm32cubeide/plugins/com.st.stm32cube.ide.mcu.externaltools.gnu-tools-for-stm32.7-2018-q2-update.win32_1.4.0.202007081208/tools/bin/../lib/gcc/arm-none-eabi/7.3.1/../../../../arm-none-eabi/lib/thumb/v7e-m/fpv4-sp/hard\libc_nano.a
LOAD c:/st/stm32cubeide_1.4.0/stm32cubeide/plugins/com.st.stm32cube.ide.mcu.externaltools.gnu-tools-for-stm32.7-2018-q2-update.win32_1.4.0.202007081208/tools/bin/../lib/gcc/arm-none-eabi/7.3.1/../../../../arm-none-eabi/lib/thumb/v7e-m/fpv4-sp/hard\libnosys.a
END GROUP
LOAD c:/st/stm32cubeide_1.4.0/stm32cubeide/plugins/com.st.stm32cube.ide.mcu.externaltools.gnu-tools-for-stm32.7-2018-q2-update.win32_1.4.0.202007081208/tools/bin/../lib/gcc/arm-none-eabi/7.3.1/thumb/v7e-m/fpv4-sp/hard/crtend.o
LOAD c:/st/stm32cubeide_1.4.0/stm32cubeide/plugins/com.st.stm32cube.ide.mcu.externaltools.gnu-tools-for-stm32.7-2018-q2-update.win32_1.4.0.202007081208/tools/bin/../lib/gcc/arm-none-eabi/7.3.1/thumb/v7e-m/fpv4-sp/hard/crtn.o
                0x0000000020018000                _estack = (ORIGIN (RAM) + LENGTH (RAM))
                0x0000000000000200                _Min_Heap_Size = 0x200
                0x0000000000000400                _Min_Stack_Size = 0x400

.isr_vector     0x0000000008000000      0x188
                0x0000000008000000                . = ALIGN (0x4)
 *(.isr_vector)
 .isr_vector    0x0000000008000000      0x188 Core/Startup/startup_stm32l476rgtx.o
                0x0000000008000000                g_pfnVectors
                0x0000000008000188                . = ALIGN (0x4)

.text           0x0000000008000188     0x6c44
                0x0000000008000188                . = ALIGN (0x4)
 *(.text)
 .text          0x0000000008000188       0x40 c:/st/stm32cubeide_1.4.0/stm32cubeide/plugins/com.st.stm32cube.ide.mcu.externaltools.gnu-tools-for-stm32.7-2018-q2-update.win32_1.4.0.202007081208/tools/bin/../lib/gcc/arm-none-eabi/7.3.1/thumb/v7e-m/fpv4-sp/hard/crtbegin.o
 .text          0x00000000080001c8       0x30 c:/st/stm32cubeide_1.4.0/stm32cubeide/plugins/com.st.stm32cube.ide.mcu.externaltools.gnu-tools-for-stm32.7-2018-q2-update.win32_1.4.0.202007081208/tools/bin/../lib/gcc/arm-none-eabi/7.3.1/thumb/v7e-m/fpv4-sp/hard\libgcc.a(_aeabi_uldivmod.o)
                0x00000000080001c8                __aeabi_uldivmod
 .text          0x00000000080001f8      0x2cc c:/st/stm32cubeide_1.4.0/stm32cubeide/plugins/com.st.stm32cube.ide.mcu.externaltools.gnu-tools-for-stm32.7-2018-q2-update.win32_1.4.0.202007081208/tools/bin/../lib/gcc/arm-none-eabi/7.3.1/thumb/v7e-m/fpv4-sp/hard\libgcc.a(_udivmoddi4.o)
                0x00000000080001f8                __udivmoddi4
 .text          0x00000000080004c4        0x4 c:/st/stm32cubeide_1.4.0/stm32cubeide/plugins/com.st.stm32cube.ide.mcu.externaltools.gnu-tools-for-stm32.7-2018-q2-update.win32_1.4.0.202007081208/tools/bin/../lib/gcc/arm-none-eabi/7.3.1/thumb/v7e-m/fpv4-sp/hard\libgcc.a(_dvmd_tls.o)
                0x00000000080004c4                __aeabi_idiv0
                0x00000000080004c4                __aeabi_ldiv0
 *(.text*)
 .text.app_default_state
                0x00000000080004c8      0x12c Core/Src/app.o
                0x00000000080004c8                app_default_state
 .text.app_write_password_state
                0x00000000080005f4      0x128 Core/Src/app.o
                0x00000000080005f4                app_write_password_state
 .text.app_menu_state_page_1
                0x000000000800071c       0xcc Core/Src/app.o
                0x000000000800071c                app_menu_state_page_1
 .text.app_menu_state_page_2
                0x00000000080007e8       0xcc Core/Src/app.o
                0x00000000080007e8                app_menu_state_page_2
 .text.app_menu_state_page_3
                0x00000000080008b4       0xcc Core/Src/app.o
                0x00000000080008b4                app_menu_state_page_3
 .text.app_menu_state_page_4
                0x0000000008000980       0xcc Core/Src/app.o
                0x0000000008000980                app_menu_state_page_4
 .text.app_add_user_state
                0x0000000008000a4c      0x118 Core/Src/app.o
                0x0000000008000a4c                app_add_user_state
 .text.app_delete_user_state
                0x0000000008000b64      0x10c Core/Src/app.o
                0x0000000008000b64                app_delete_user_state
 .text.app_change_password_state
                0x0000000008000c70      0x120 Core/Src/app.o
                0x0000000008000c70                app_change_password_state
 .text.app_clear_database_state
                0x0000000008000d90       0xf4 Core/Src/app.o
                0x0000000008000d90                app_clear_database_state
 .text.app_is_password_correct
                0x0000000008000e84       0x48 Core/Src/app.o
                0x0000000008000e84                app_is_password_correct
 .text.app_main_loop
                0x0000000008000ecc       0xa4 Core/Src/app.o
                0x0000000008000ecc                app_main_loop
 .text.HAL_TIM_PeriodElapsedCallback
                0x0000000008000f70       0x28 Core/Src/app.o
                0x0000000008000f70                HAL_TIM_PeriodElapsedCallback
 .text.HAL_UART_RxCpltCallback
                0x0000000008000f98       0x28 Core/Src/app.o
                0x0000000008000f98                HAL_UART_RxCpltCallback
 .text.flash_init
                0x0000000008000fc0       0x98 Core/Src/flash.o
                0x0000000008000fc0                flash_init
 .text.flash_wren
                0x0000000008001058       0x3c Core/Src/flash.o
                0x0000000008001058                flash_wren
 .text.flash_write_byte
                0x0000000008001094       0xb4 Core/Src/flash.o
                0x0000000008001094                flash_write_byte
 .text.flash_read_byte
                0x0000000008001148       0x98 Core/Src/flash.o
                0x0000000008001148                flash_read_byte
 .text.flash_read_status_register
                0x00000000080011e0       0x4c Core/Src/flash.o
                0x00000000080011e0                flash_read_status_register
 .text.flash_write_byte_array
                0x000000000800122c       0x42 Core/Src/flash.o
                0x000000000800122c                flash_write_byte_array
 *fill*         0x000000000800126e        0x2 
 .text.flash_read_byte_array
                0x0000000008001270       0xb4 Core/Src/flash.o
                0x0000000008001270                flash_read_byte_array
 .text.flash_download_tag_data
                0x0000000008001324       0xa8 Core/Src/flash.o
                0x0000000008001324                flash_download_tag_data
 .text.find_tag
                0x00000000080013cc       0x54 Core/Src/flash.o
                0x00000000080013cc                find_tag
 .text.flash_compare_tags
                0x0000000008001420       0x48 Core/Src/flash.o
                0x0000000008001420                flash_compare_tags
 .text.flash_add_new_tag
                0x0000000008001468       0x4c Core/Src/flash.o
                0x0000000008001468                flash_add_new_tag
 .text.flash_remove_tag
                0x00000000080014b4       0x88 Core/Src/flash.o
                0x00000000080014b4                flash_remove_tag
 .text.flash_update_memory_content
                0x000000000800153c       0xb8 Core/Src/flash.o
                0x000000000800153c                flash_update_memory_content
 .text.flash_erase_block
                0x00000000080015f4       0x98 Core/Src/flash.o
                0x00000000080015f4                flash_erase_block
 .text.is_tag_removed
                0x000000000800168c       0x38 Core/Src/flash.o
                0x000000000800168c                is_tag_removed
 .text.flash_clear_database_wo_password
                0x00000000080016c4       0x44 Core/Src/flash.o
                0x00000000080016c4                flash_clear_database_wo_password
 .text.keypad_init
                0x0000000008001708       0x40 Core/Src/keypad.o
                0x0000000008001708                keypad_init
 .text.keypad_scan_pressed_index
                0x0000000008001748       0xac Core/Src/keypad.o
                0x0000000008001748                keypad_scan_pressed_index
 .text.keypad_index_to_char
                0x00000000080017f4       0x38 Core/Src/keypad.o
                0x00000000080017f4                keypad_index_to_char
 .text.keypad_scan_pressed_index_filtered
                0x000000000800182c       0x38 Core/Src/keypad.o
                0x000000000800182c                keypad_scan_pressed_index_filtered
 .text.lcd_send_cmd
                0x0000000008001864       0x5c Core/Src/lcd.o
                0x0000000008001864                lcd_send_cmd
 .text.lcd_send_data
                0x00000000080018c0       0x5c Core/Src/lcd.o
                0x00000000080018c0                lcd_send_data
 .text.lcd_init
                0x000000000800191c       0x58 Core/Src/lcd.o
                0x000000000800191c                lcd_init
 .text.lcd_clear
                0x0000000008001974       0x1e Core/Src/lcd.o
                0x0000000008001974                lcd_clear
 .text.lcd_send_text
                0x0000000008001992       0x2e Core/Src/lcd.o
                0x0000000008001992                lcd_send_text
 .text.main     0x00000000080019c0       0xd4 Core/Src/main.o
                0x00000000080019c0                main
 .text.SystemClock_Config
                0x0000000008001a94       0xe8 Core/Src/main.o
                0x0000000008001a94                SystemClock_Config
 .text.MX_I2C1_Init
                0x0000000008001b7c       0x80 Core/Src/main.o
 .text.MX_SPI1_Init
                0x0000000008001bfc       0x7c Core/Src/main.o
 .text.MX_TIM2_Init
                0x0000000008001c78       0x9c Core/Src/main.o
 .text.MX_USART1_UART_Init
                0x0000000008001d14       0x60 Core/Src/main.o
 .text.MX_GPIO_Init
                0x0000000008001d74      0x19c Core/Src/main.o
 .text.Error_Handler
                0x0000000008001f10        0xe Core/Src/main.o
                0x0000000008001f10                Error_Handler
 *fill*         0x0000000008001f1e        0x2 
 .text.HAL_MspInit
                0x0000000008001f20       0x48 Core/Src/stm32l4xx_hal_msp.o
                0x0000000008001f20                HAL_MspInit
 .text.HAL_I2C_MspInit
                0x0000000008001f68       0x88 Core/Src/stm32l4xx_hal_msp.o
                0x0000000008001f68                HAL_I2C_MspInit
 .text.HAL_SPI_MspInit
                0x0000000008001ff0       0x84 Core/Src/stm32l4xx_hal_msp.o
                0x0000000008001ff0                HAL_SPI_MspInit
 .text.HAL_TIM_Base_MspInit
                0x0000000008002074       0x48 Core/Src/stm32l4xx_hal_msp.o
                0x0000000008002074                HAL_TIM_Base_MspInit
 .text.HAL_UART_MspInit
                0x00000000080020bc       0x98 Core/Src/stm32l4xx_hal_msp.o
                0x00000000080020bc                HAL_UART_MspInit
 .text.NMI_Handler
                0x0000000008002154        0xe Core/Src/stm32l4xx_it.o
                0x0000000008002154                NMI_Handler
 .text.HardFault_Handler
                0x0000000008002162        0x6 Core/Src/stm32l4xx_it.o
                0x0000000008002162                HardFault_Handler
 .text.MemManage_Handler
                0x0000000008002168        0x6 Core/Src/stm32l4xx_it.o
                0x0000000008002168                MemManage_Handler
 .text.BusFault_Handler
                0x000000000800216e        0x6 Core/Src/stm32l4xx_it.o
                0x000000000800216e                BusFault_Handler
 .text.UsageFault_Handler
                0x0000000008002174        0x6 Core/Src/stm32l4xx_it.o
                0x0000000008002174                UsageFault_Handler
 .text.SVC_Handler
                0x000000000800217a        0xe Core/Src/stm32l4xx_it.o
                0x000000000800217a                SVC_Handler
 .text.DebugMon_Handler
                0x0000000008002188        0xe Core/Src/stm32l4xx_it.o
                0x0000000008002188                DebugMon_Handler
 .text.PendSV_Handler
                0x0000000008002196        0xe Core/Src/stm32l4xx_it.o
                0x0000000008002196                PendSV_Handler
 .text.SysTick_Handler
                0x00000000080021a4        0xc Core/Src/stm32l4xx_it.o
                0x00000000080021a4                SysTick_Handler
 .text.TIM2_IRQHandler
                0x00000000080021b0       0x14 Core/Src/stm32l4xx_it.o
                0x00000000080021b0                TIM2_IRQHandler
 .text.USART1_IRQHandler
                0x00000000080021c4       0x14 Core/Src/stm32l4xx_it.o
                0x00000000080021c4                USART1_IRQHandler
 .text.SystemInit
                0x00000000080021d8       0x6c Core/Src/system_stm32l4xx.o
                0x00000000080021d8                SystemInit
 .text.Reset_Handler
                0x0000000008002244       0x50 Core/Startup/startup_stm32l476rgtx.o
                0x0000000008002244                Reset_Handler
 .text.Default_Handler
                0x0000000008002294        0x2 Core/Startup/startup_stm32l476rgtx.o
                0x0000000008002294                RTC_Alarm_IRQHandler
                0x0000000008002294                EXTI2_IRQHandler
                0x0000000008002294                TIM8_TRG_COM_IRQHandler
                0x0000000008002294                TIM8_CC_IRQHandler
                0x0000000008002294                TIM1_CC_IRQHandler
                0x0000000008002294                TSC_IRQHandler
                0x0000000008002294                TAMP_STAMP_IRQHandler
                0x0000000008002294                EXTI3_IRQHandler
                0x0000000008002294                LPTIM2_IRQHandler
                0x0000000008002294                DFSDM1_FLT1_IRQHandler
                0x0000000008002294                I2C3_ER_IRQHandler
                0x0000000008002294                DFSDM1_FLT2_IRQHandler
                0x0000000008002294                EXTI0_IRQHandler
                0x0000000008002294                I2C2_EV_IRQHandler
                0x0000000008002294                CAN1_RX0_IRQHandler
                0x0000000008002294                FPU_IRQHandler
                0x0000000008002294                TIM1_UP_TIM16_IRQHandler
                0x0000000008002294                ADC1_2_IRQHandler
                0x0000000008002294                SPI1_IRQHandler
                0x0000000008002294                TIM6_DAC_IRQHandler
                0x0000000008002294                TIM8_UP_IRQHandler
                0x0000000008002294                DMA2_Channel2_IRQHandler
                0x0000000008002294                DMA1_Channel4_IRQHandler
                0x0000000008002294                SAI2_IRQHandler
                0x0000000008002294                DFSDM1_FLT3_IRQHandler
                0x0000000008002294                USART3_IRQHandler
                0x0000000008002294                DMA1_Channel7_IRQHandler
                0x0000000008002294                CAN1_RX1_IRQHandler
                0x0000000008002294                LCD_IRQHandler
                0x0000000008002294                UART5_IRQHandler
                0x0000000008002294                ADC3_IRQHandler
                0x0000000008002294                TIM4_IRQHandler
                0x0000000008002294                DMA2_Channel1_IRQHandler
                0x0000000008002294                QUADSPI_IRQHandler
                0x0000000008002294                I2C1_EV_IRQHandler
                0x0000000008002294                DMA1_Channel6_IRQHandler
                0x0000000008002294                UART4_IRQHandler
                0x0000000008002294                DMA2_Channel4_IRQHandler
                0x0000000008002294                TIM3_IRQHandler
                0x0000000008002294                RCC_IRQHandler
                0x0000000008002294                DMA1_Channel1_IRQHandler
                0x0000000008002294                Default_Handler
                0x0000000008002294                DMA2_Channel7_IRQHandler
                0x0000000008002294                EXTI15_10_IRQHandler
                0x0000000008002294                TIM7_IRQHandler
                0x0000000008002294                SDMMC1_IRQHandler
                0x0000000008002294                TIM5_IRQHandler
                0x0000000008002294                I2C3_EV_IRQHandler
                0x0000000008002294                EXTI9_5_IRQHandler
                0x0000000008002294                RTC_WKUP_IRQHandler
                0x0000000008002294                PVD_PVM_IRQHandler
                0x0000000008002294                SPI2_IRQHandler
                0x0000000008002294                CAN1_TX_IRQHandler
                0x0000000008002294                DMA2_Channel5_IRQHandler
                0x0000000008002294                DMA1_Channel5_IRQHandler
                0x0000000008002294                EXTI4_IRQHandler
                0x0000000008002294                RNG_IRQHandler
                0x0000000008002294                TIM1_TRG_COM_TIM17_IRQHandler
                0x0000000008002294                DMA1_Channel3_IRQHandler
                0x0000000008002294                COMP_IRQHandler
                0x0000000008002294                WWDG_IRQHandler
                0x0000000008002294                LPUART1_IRQHandler
                0x0000000008002294                DMA2_Channel6_IRQHandler
                0x0000000008002294                EXTI1_IRQHandler
                0x0000000008002294                USART2_IRQHandler
                0x0000000008002294                DFSDM1_FLT0_IRQHandler
                0x0000000008002294                I2C2_ER_IRQHandler
                0x0000000008002294                DMA1_Channel2_IRQHandler
                0x0000000008002294                TIM8_BRK_IRQHandler
                0x0000000008002294                CAN1_SCE_IRQHandler
                0x0000000008002294                FLASH_IRQHandler
                0x0000000008002294                OTG_FS_IRQHandler
                0x0000000008002294                SPI3_IRQHandler
                0x0000000008002294                I2C1_ER_IRQHandler
                0x0000000008002294                FMC_IRQHandler
                0x0000000008002294                SWPMI1_IRQHandler
                0x0000000008002294                LPTIM1_IRQHandler
                0x0000000008002294                SAI1_IRQHandler
                0x0000000008002294                DMA2_Channel3_IRQHandler
                0x0000000008002294                TIM1_BRK_TIM15_IRQHandler
 .text.HAL_Init
                0x0000000008002296       0x30 Drivers/STM32L4xx_HAL_Driver/Src/stm32l4xx_hal.o
                0x0000000008002296                HAL_Init
 *fill*         0x00000000080022c6        0x2 
 .text.HAL_InitTick
                0x00000000080022c8       0x78 Drivers/STM32L4xx_HAL_Driver/Src/stm32l4xx_hal.o
                0x00000000080022c8                HAL_InitTick
 .text.HAL_IncTick
                0x0000000008002340       0x28 Drivers/STM32L4xx_HAL_Driver/Src/stm32l4xx_hal.o
                0x0000000008002340                HAL_IncTick
 .text.HAL_GetTick
                0x0000000008002368       0x18 Drivers/STM32L4xx_HAL_Driver/Src/stm32l4xx_hal.o
                0x0000000008002368                HAL_GetTick
 .text.HAL_Delay
                0x0000000008002380       0x44 Drivers/STM32L4xx_HAL_Driver/Src/stm32l4xx_hal.o
                0x0000000008002380                HAL_Delay
 .text.__NVIC_SetPriorityGrouping
                0x00000000080023c4       0x48 Drivers/STM32L4xx_HAL_Driver/Src/stm32l4xx_hal_cortex.o
 .text.__NVIC_GetPriorityGrouping
                0x000000000800240c       0x1c Drivers/STM32L4xx_HAL_Driver/Src/stm32l4xx_hal_cortex.o
 .text.__NVIC_EnableIRQ
                0x0000000008002428       0x3c Drivers/STM32L4xx_HAL_Driver/Src/stm32l4xx_hal_cortex.o
 .text.__NVIC_SetPriority
                0x0000000008002464       0x54 Drivers/STM32L4xx_HAL_Driver/Src/stm32l4xx_hal_cortex.o
 .text.NVIC_EncodePriority
                0x00000000080024b8       0x66 Drivers/STM32L4xx_HAL_Driver/Src/stm32l4xx_hal_cortex.o
 *fill*         0x000000000800251e        0x2 
 .text.SysTick_Config
                0x0000000008002520       0x44 Drivers/STM32L4xx_HAL_Driver/Src/stm32l4xx_hal_cortex.o
 .text.HAL_NVIC_SetPriorityGrouping
                0x0000000008002564       0x16 Drivers/STM32L4xx_HAL_Driver/Src/stm32l4xx_hal_cortex.o
                0x0000000008002564                HAL_NVIC_SetPriorityGrouping
 .text.HAL_NVIC_SetPriority
                0x000000000800257a       0x38 Drivers/STM32L4xx_HAL_Driver/Src/stm32l4xx_hal_cortex.o
                0x000000000800257a                HAL_NVIC_SetPriority
 .text.HAL_NVIC_EnableIRQ
                0x00000000080025b2       0x1c Drivers/STM32L4xx_HAL_Driver/Src/stm32l4xx_hal_cortex.o
                0x00000000080025b2                HAL_NVIC_EnableIRQ
 .text.HAL_SYSTICK_Config
                0x00000000080025ce       0x18 Drivers/STM32L4xx_HAL_Driver/Src/stm32l4xx_hal_cortex.o
                0x00000000080025ce                HAL_SYSTICK_Config
 .text.HAL_DMA_Abort_IT
                0x00000000080025e6       0x82 Drivers/STM32L4xx_HAL_Driver/Src/stm32l4xx_hal_dma.o
                0x00000000080025e6                HAL_DMA_Abort_IT
 .text.HAL_GPIO_Init
                0x0000000008002668      0x350 Drivers/STM32L4xx_HAL_Driver/Src/stm32l4xx_hal_gpio.o
                0x0000000008002668                HAL_GPIO_Init
 .text.HAL_GPIO_ReadPin
                0x00000000080029b8       0x30 Drivers/STM32L4xx_HAL_Driver/Src/stm32l4xx_hal_gpio.o
                0x00000000080029b8                HAL_GPIO_ReadPin
 .text.HAL_GPIO_WritePin
                0x00000000080029e8       0x30 Drivers/STM32L4xx_HAL_Driver/Src/stm32l4xx_hal_gpio.o
                0x00000000080029e8                HAL_GPIO_WritePin
 .text.HAL_GPIO_TogglePin
                0x0000000008002a18       0x34 Drivers/STM32L4xx_HAL_Driver/Src/stm32l4xx_hal_gpio.o
                0x0000000008002a18                HAL_GPIO_TogglePin
 .text.HAL_I2C_Init
                0x0000000008002a4c      0x11e Drivers/STM32L4xx_HAL_Driver/Src/stm32l4xx_hal_i2c.o
                0x0000000008002a4c                HAL_I2C_Init
 *fill*         0x0000000008002b6a        0x2 
 .text.HAL_I2C_Master_Transmit
                0x0000000008002b6c      0x1e8 Drivers/STM32L4xx_HAL_Driver/Src/stm32l4xx_hal_i2c.o
                0x0000000008002b6c                HAL_I2C_Master_Transmit
 .text.I2C_Flush_TXDR
                0x0000000008002d54       0x48 Drivers/STM32L4xx_HAL_Driver/Src/stm32l4xx_hal_i2c.o
 .text.I2C_WaitOnFlagUntilTimeout
                0x0000000008002d9c       0x80 Drivers/STM32L4xx_HAL_Driver/Src/stm32l4xx_hal_i2c.o
 .text.I2C_WaitOnTXISFlagUntilTimeout
                0x0000000008002e1c       0x80 Drivers/STM32L4xx_HAL_Driver/Src/stm32l4xx_hal_i2c.o
 .text.I2C_WaitOnSTOPFlagUntilTimeout
                0x0000000008002e9c       0x78 Drivers/STM32L4xx_HAL_Driver/Src/stm32l4xx_hal_i2c.o
 .text.I2C_IsAcknowledgeFailed
                0x0000000008002f14       0xcc Drivers/STM32L4xx_HAL_Driver/Src/stm32l4xx_hal_i2c.o
 .text.I2C_TransferConfig
                0x0000000008002fe0       0x5c Drivers/STM32L4xx_HAL_Driver/Src/stm32l4xx_hal_i2c.o
 .text.HAL_I2CEx_ConfigAnalogFilter
                0x000000000800303c       0x96 Drivers/STM32L4xx_HAL_Driver/Src/stm32l4xx_hal_i2c_ex.o
                0x000000000800303c                HAL_I2CEx_ConfigAnalogFilter
 .text.HAL_I2CEx_ConfigDigitalFilter
                0x00000000080030d2       0x98 Drivers/STM32L4xx_HAL_Driver/Src/stm32l4xx_hal_i2c_ex.o
                0x00000000080030d2                HAL_I2CEx_ConfigDigitalFilter
 *fill*         0x000000000800316a        0x2 
 .text.HAL_PWREx_GetVoltageRange
                0x000000000800316c       0x1c Drivers/STM32L4xx_HAL_Driver/Src/stm32l4xx_hal_pwr_ex.o
                0x000000000800316c                HAL_PWREx_GetVoltageRange
 .text.HAL_PWREx_ControlVoltageScaling
                0x0000000008003188       0xac Drivers/STM32L4xx_HAL_Driver/Src/stm32l4xx_hal_pwr_ex.o
                0x0000000008003188                HAL_PWREx_ControlVoltageScaling
 .text.HAL_RCC_OscConfig
                0x0000000008003234      0x7cc Drivers/STM32L4xx_HAL_Driver/Src/stm32l4xx_hal_rcc.o
                0x0000000008003234                HAL_RCC_OscConfig
 .text.HAL_RCC_ClockConfig
                0x0000000008003a00      0x1c4 Drivers/STM32L4xx_HAL_Driver/Src/stm32l4xx_hal_rcc.o
                0x0000000008003a00                HAL_RCC_ClockConfig
 .text.HAL_RCC_GetSysClockFreq
                0x0000000008003bc4      0x114 Drivers/STM32L4xx_HAL_Driver/Src/stm32l4xx_hal_rcc.o
                0x0000000008003bc4                HAL_RCC_GetSysClockFreq
 .text.HAL_RCC_GetHCLKFreq
                0x0000000008003cd8       0x18 Drivers/STM32L4xx_HAL_Driver/Src/stm32l4xx_hal_rcc.o
                0x0000000008003cd8                HAL_RCC_GetHCLKFreq
 .text.HAL_RCC_GetPCLK1Freq
                0x0000000008003cf0       0x2c Drivers/STM32L4xx_HAL_Driver/Src/stm32l4xx_hal_rcc.o
                0x0000000008003cf0                HAL_RCC_GetPCLK1Freq
 .text.HAL_RCC_GetPCLK2Freq
                0x0000000008003d1c       0x2c Drivers/STM32L4xx_HAL_Driver/Src/stm32l4xx_hal_rcc.o
                0x0000000008003d1c                HAL_RCC_GetPCLK2Freq
 .text.RCC_SetFlashLatencyFromMSIRange
                0x0000000008003d48       0xc0 Drivers/STM32L4xx_HAL_Driver/Src/stm32l4xx_hal_rcc.o
 .text.HAL_RCCEx_PeriphCLKConfig
                0x0000000008003e08      0x5cc Drivers/STM32L4xx_HAL_Driver/Src/stm32l4xx_hal_rcc_ex.o
                0x0000000008003e08                HAL_RCCEx_PeriphCLKConfig
 .text.RCCEx_PLLSAI1_Config
                0x00000000080043d4      0x1e0 Drivers/STM32L4xx_HAL_Driver/Src/stm32l4xx_hal_rcc_ex.o
 .text.RCCEx_PLLSAI2_Config
                0x00000000080045b4      0x1b4 Drivers/STM32L4xx_HAL_Driver/Src/stm32l4xx_hal_rcc_ex.o
 .text.HAL_SPI_Init
                0x0000000008004768      0x146 Drivers/STM32L4xx_HAL_Driver/Src/stm32l4xx_hal_spi.o
                0x0000000008004768                HAL_SPI_Init
 .text.HAL_SPI_Transmit
                0x00000000080048ae      0x2dc Drivers/STM32L4xx_HAL_Driver/Src/stm32l4xx_hal_spi.o
                0x00000000080048ae                HAL_SPI_Transmit
 .text.HAL_SPI_Receive
                0x0000000008004b8a      0x260 Drivers/STM32L4xx_HAL_Driver/Src/stm32l4xx_hal_spi.o
                0x0000000008004b8a                HAL_SPI_Receive
 .text.HAL_SPI_TransmitReceive
                0x0000000008004dea      0x426 Drivers/STM32L4xx_HAL_Driver/Src/stm32l4xx_hal_spi.o
                0x0000000008004dea                HAL_SPI_TransmitReceive
 .text.SPI_WaitFlagStateUntilTimeout
                0x0000000008005210      0x110 Drivers/STM32L4xx_HAL_Driver/Src/stm32l4xx_hal_spi.o
 .text.SPI_WaitFifoStateUntilTimeout
                0x0000000008005320      0x11c Drivers/STM32L4xx_HAL_Driver/Src/stm32l4xx_hal_spi.o
 .text.SPI_EndRxTransaction
                0x000000000800543c       0xb0 Drivers/STM32L4xx_HAL_Driver/Src/stm32l4xx_hal_spi.o
 .text.SPI_EndRxTxTransaction
                0x00000000080054ec       0x8c Drivers/STM32L4xx_HAL_Driver/Src/stm32l4xx_hal_spi.o
 .text.HAL_TIM_Base_Init
                0x0000000008005578       0xae Drivers/STM32L4xx_HAL_Driver/Src/stm32l4xx_hal_tim.o
                0x0000000008005578                HAL_TIM_Base_Init
 *fill*         0x0000000008005626        0x2 
 .text.HAL_TIM_Base_Start_IT
                0x0000000008005628       0xe0 Drivers/STM32L4xx_HAL_Driver/Src/stm32l4xx_hal_tim.o
                0x0000000008005628                HAL_TIM_Base_Start_IT
 .text.HAL_TIM_IRQHandler
                0x0000000008005708      0x23e Drivers/STM32L4xx_HAL_Driver/Src/stm32l4xx_hal_tim.o
                0x0000000008005708                HAL_TIM_IRQHandler
 .text.HAL_TIM_ConfigClockSource
                0x0000000008005946      0x172 Drivers/STM32L4xx_HAL_Driver/Src/stm32l4xx_hal_tim.o
                0x0000000008005946                HAL_TIM_ConfigClockSource
 .text.HAL_TIM_OC_DelayElapsedCallback
                0x0000000008005ab8       0x14 Drivers/STM32L4xx_HAL_Driver/Src/stm32l4xx_hal_tim.o
                0x0000000008005ab8                HAL_TIM_OC_DelayElapsedCallback
 .text.HAL_TIM_IC_CaptureCallback
                0x0000000008005acc       0x14 Drivers/STM32L4xx_HAL_Driver/Src/stm32l4xx_hal_tim.o
                0x0000000008005acc                HAL_TIM_IC_CaptureCallback
 .text.HAL_TIM_PWM_PulseFinishedCallback
                0x0000000008005ae0       0x14 Drivers/STM32L4xx_HAL_Driver/Src/stm32l4xx_hal_tim.o
                0x0000000008005ae0                HAL_TIM_PWM_PulseFinishedCallback
 .text.HAL_TIM_TriggerCallback
                0x0000000008005af4       0x14 Drivers/STM32L4xx_HAL_Driver/Src/stm32l4xx_hal_tim.o
                0x0000000008005af4                HAL_TIM_TriggerCallback
 .text.TIM_Base_SetConfig
                0x0000000008005b08      0x134 Drivers/STM32L4xx_HAL_Driver/Src/stm32l4xx_hal_tim.o
                0x0000000008005b08                TIM_Base_SetConfig
 .text.TIM_TI1_ConfigInputStage
                0x0000000008005c3c       0x5e Drivers/STM32L4xx_HAL_Driver/Src/stm32l4xx_hal_tim.o
 .text.TIM_TI2_ConfigInputStage
                0x0000000008005c9a       0x60 Drivers/STM32L4xx_HAL_Driver/Src/stm32l4xx_hal_tim.o
 .text.TIM_ITRx_SetConfig
                0x0000000008005cfa       0x36 Drivers/STM32L4xx_HAL_Driver/Src/stm32l4xx_hal_tim.o
 .text.TIM_ETR_SetConfig
                0x0000000008005d30       0x40 Drivers/STM32L4xx_HAL_Driver/Src/stm32l4xx_hal_tim.o
                0x0000000008005d30                TIM_ETR_SetConfig
 .text.HAL_TIMEx_MasterConfigSynchronization
                0x0000000008005d70      0x110 Drivers/STM32L4xx_HAL_Driver/Src/stm32l4xx_hal_tim_ex.o
                0x0000000008005d70                HAL_TIMEx_MasterConfigSynchronization
 .text.HAL_TIMEx_CommutCallback
                0x0000000008005e80       0x14 Drivers/STM32L4xx_HAL_Driver/Src/stm32l4xx_hal_tim_ex.o
                0x0000000008005e80                HAL_TIMEx_CommutCallback
 .text.HAL_TIMEx_BreakCallback
                0x0000000008005e94       0x14 Drivers/STM32L4xx_HAL_Driver/Src/stm32l4xx_hal_tim_ex.o
                0x0000000008005e94                HAL_TIMEx_BreakCallback
 .text.HAL_TIMEx_Break2Callback
                0x0000000008005ea8       0x14 Drivers/STM32L4xx_HAL_Driver/Src/stm32l4xx_hal_tim_ex.o
                0x0000000008005ea8                HAL_TIMEx_Break2Callback
 .text.HAL_UART_Init
                0x0000000008005ebc       0x9c Drivers/STM32L4xx_HAL_Driver/Src/stm32l4xx_hal_uart.o
                0x0000000008005ebc                HAL_UART_Init
 .text.HAL_UART_Receive_IT
                0x0000000008005f58      0x144 Drivers/STM32L4xx_HAL_Driver/Src/stm32l4xx_hal_uart.o
                0x0000000008005f58                HAL_UART_Receive_IT
 .text.HAL_UART_IRQHandler
                0x000000000800609c      0x290 Drivers/STM32L4xx_HAL_Driver/Src/stm32l4xx_hal_uart.o
                0x000000000800609c                HAL_UART_IRQHandler
 .text.HAL_UART_TxCpltCallback
                0x000000000800632c       0x14 Drivers/STM32L4xx_HAL_Driver/Src/stm32l4xx_hal_uart.o
                0x000000000800632c                HAL_UART_TxCpltCallback
 .text.HAL_UART_ErrorCallback
                0x0000000008006340       0x14 Drivers/STM32L4xx_HAL_Driver/Src/stm32l4xx_hal_uart.o
                0x0000000008006340                HAL_UART_ErrorCallback
 .text.UART_SetConfig
                0x0000000008006354      0x514 Drivers/STM32L4xx_HAL_Driver/Src/stm32l4xx_hal_uart.o
                0x0000000008006354                UART_SetConfig
 .text.UART_AdvFeatureConfig
                0x0000000008006868      0x144 Drivers/STM32L4xx_HAL_Driver/Src/stm32l4xx_hal_uart.o
                0x0000000008006868                UART_AdvFeatureConfig
 .text.UART_CheckIdleState
                0x00000000080069ac       0x8a Drivers/STM32L4xx_HAL_Driver/Src/stm32l4xx_hal_uart.o
                0x00000000080069ac                UART_CheckIdleState
 .text.UART_WaitOnFlagUntilTimeout
                0x0000000008006a36       0xf6 Drivers/STM32L4xx_HAL_Driver/Src/stm32l4xx_hal_uart.o
                0x0000000008006a36                UART_WaitOnFlagUntilTimeout
 .text.UART_EndRxTransfer
                0x0000000008006b2c       0x40 Drivers/STM32L4xx_HAL_Driver/Src/stm32l4xx_hal_uart.o
 .text.UART_DMAAbortOnError
                0x0000000008006b6c       0x2c Drivers/STM32L4xx_HAL_Driver/Src/stm32l4xx_hal_uart.o
 .text.UART_EndTransmit_IT
                0x0000000008006b98       0x32 Drivers/STM32L4xx_HAL_Driver/Src/stm32l4xx_hal_uart.o
 .text.UART_RxISR_8BIT
                0x0000000008006bca       0xaa Drivers/STM32L4xx_HAL_Driver/Src/stm32l4xx_hal_uart.o
 .text.UART_RxISR_16BIT
                0x0000000008006c74       0xaa Drivers/STM32L4xx_HAL_Driver/Src/stm32l4xx_hal_uart.o
 .text.HAL_UARTEx_WakeupCallback
                0x0000000008006d1e       0x14 Drivers/STM32L4xx_HAL_Driver/Src/stm32l4xx_hal_uart_ex.o
                0x0000000008006d1e                HAL_UARTEx_WakeupCallback
 *fill*         0x0000000008006d32        0x2 
 .text.__libc_init_array
                0x0000000008006d34       0x48 c:/st/stm32cubeide_1.4.0/stm32cubeide/plugins/com.st.stm32cube.ide.mcu.externaltools.gnu-tools-for-stm32.7-2018-q2-update.win32_1.4.0.202007081208/tools/bin/../lib/gcc/arm-none-eabi/7.3.1/../../../../arm-none-eabi/lib/thumb/v7e-m/fpv4-sp/hard\libc_nano.a(lib_a-init.o)
                0x0000000008006d34                __libc_init_array
 .text.memcpy   0x0000000008006d7c       0x16 c:/st/stm32cubeide_1.4.0/stm32cubeide/plugins/com.st.stm32cube.ide.mcu.externaltools.gnu-tools-for-stm32.7-2018-q2-update.win32_1.4.0.202007081208/tools/bin/../lib/gcc/arm-none-eabi/7.3.1/../../../../arm-none-eabi/lib/thumb/v7e-m/fpv4-sp/hard\libc_nano.a(lib_a-memcpy-stub.o)
                0x0000000008006d7c                memcpy
 .text.memset   0x0000000008006d92       0x10 c:/st/stm32cubeide_1.4.0/stm32cubeide/plugins/com.st.stm32cube.ide.mcu.externaltools.gnu-tools-for-stm32.7-2018-q2-update.win32_1.4.0.202007081208/tools/bin/../lib/gcc/arm-none-eabi/7.3.1/../../../../arm-none-eabi/lib/thumb/v7e-m/fpv4-sp/hard\libc_nano.a(lib_a-memset.o)
                0x0000000008006d92                memset
 .text.strcpy   0x0000000008006da2       0x10 c:/st/stm32cubeide_1.4.0/stm32cubeide/plugins/com.st.stm32cube.ide.mcu.externaltools.gnu-tools-for-stm32.7-2018-q2-update.win32_1.4.0.202007081208/tools/bin/../lib/gcc/arm-none-eabi/7.3.1/../../../../arm-none-eabi/lib/thumb/v7e-m/fpv4-sp/hard\libc_nano.a(lib_a-strcpy.o)
                0x0000000008006da2                strcpy
 *(.glue_7)
 .glue_7        0x0000000008006db2        0x0 linker stubs
 *(.glue_7t)
 .glue_7t       0x0000000008006db2        0x0 linker stubs
 *(.eh_frame)
 *fill*         0x0000000008006db2        0x2 
 .eh_frame      0x0000000008006db4        0x0 c:/st/stm32cubeide_1.4.0/stm32cubeide/plugins/com.st.stm32cube.ide.mcu.externaltools.gnu-tools-for-stm32.7-2018-q2-update.win32_1.4.0.202007081208/tools/bin/../lib/gcc/arm-none-eabi/7.3.1/thumb/v7e-m/fpv4-sp/hard/crtbegin.o
 *(.init)
 .init          0x0000000008006db4        0x4 c:/st/stm32cubeide_1.4.0/stm32cubeide/plugins/com.st.stm32cube.ide.mcu.externaltools.gnu-tools-for-stm32.7-2018-q2-update.win32_1.4.0.202007081208/tools/bin/../lib/gcc/arm-none-eabi/7.3.1/thumb/v7e-m/fpv4-sp/hard/crti.o
                0x0000000008006db4                _init
 .init          0x0000000008006db8        0x8 c:/st/stm32cubeide_1.4.0/stm32cubeide/plugins/com.st.stm32cube.ide.mcu.externaltools.gnu-tools-for-stm32.7-2018-q2-update.win32_1.4.0.202007081208/tools/bin/../lib/gcc/arm-none-eabi/7.3.1/thumb/v7e-m/fpv4-sp/hard/crtn.o
 *(.fini)
 .fini          0x0000000008006dc0        0x4 c:/st/stm32cubeide_1.4.0/stm32cubeide/plugins/com.st.stm32cube.ide.mcu.externaltools.gnu-tools-for-stm32.7-2018-q2-update.win32_1.4.0.202007081208/tools/bin/../lib/gcc/arm-none-eabi/7.3.1/thumb/v7e-m/fpv4-sp/hard/crti.o
                0x0000000008006dc0                _fini
 .fini          0x0000000008006dc4        0x8 c:/st/stm32cubeide_1.4.0/stm32cubeide/plugins/com.st.stm32cube.ide.mcu.externaltools.gnu-tools-for-stm32.7-2018-q2-update.win32_1.4.0.202007081208/tools/bin/../lib/gcc/arm-none-eabi/7.3.1/thumb/v7e-m/fpv4-sp/hard/crtn.o
                0x0000000008006dcc                . = ALIGN (0x4)
                0x0000000008006dcc                _etext = .

.vfp11_veneer   0x0000000008006dcc        0x0
 .vfp11_veneer  0x0000000008006dcc        0x0 linker stubs

.v4_bx          0x0000000008006dcc        0x0
 .v4_bx         0x0000000008006dcc        0x0 linker stubs

.iplt           0x0000000008006dcc        0x0
 .iplt          0x0000000008006dcc        0x0 c:/st/stm32cubeide_1.4.0/stm32cubeide/plugins/com.st.stm32cube.ide.mcu.externaltools.gnu-tools-for-stm32.7-2018-q2-update.win32_1.4.0.202007081208/tools/bin/../lib/gcc/arm-none-eabi/7.3.1/thumb/v7e-m/fpv4-sp/hard/crtbegin.o

.rodata         0x0000000008006dcc      0x1f8
                0x0000000008006dcc                . = ALIGN (0x4)
 *(.rodata)
 .rodata        0x0000000008006dcc      0x1ae Core/Src/app.o
 *(.rodata*)
 *fill*         0x0000000008006f7a        0x2 
 .rodata.AHBPrescTable
                0x0000000008006f7c       0x10 Core/Src/system_stm32l4xx.o
                0x0000000008006f7c                AHBPrescTable
 .rodata.APBPrescTable
                0x0000000008006f8c        0x8 Core/Src/system_stm32l4xx.o
                0x0000000008006f8c                APBPrescTable
 .rodata.MSIRangeTable
                0x0000000008006f94       0x30 Core/Src/system_stm32l4xx.o
                0x0000000008006f94                MSIRangeTable
                0x0000000008006fc4                . = ALIGN (0x4)

.ARM.extab      0x0000000008006fc4        0x0
                0x0000000008006fc4                . = ALIGN (0x4)
 *(.ARM.extab* .gnu.linkonce.armextab.*)
                0x0000000008006fc4                . = ALIGN (0x4)

.ARM            0x0000000008006fc4        0x8
                0x0000000008006fc4                . = ALIGN (0x4)
                0x0000000008006fc4                __exidx_start = .
 *(.ARM.exidx*)
 .ARM.exidx     0x0000000008006fc4        0x8 c:/st/stm32cubeide_1.4.0/stm32cubeide/plugins/com.st.stm32cube.ide.mcu.externaltools.gnu-tools-for-stm32.7-2018-q2-update.win32_1.4.0.202007081208/tools/bin/../lib/gcc/arm-none-eabi/7.3.1/thumb/v7e-m/fpv4-sp/hard\libgcc.a(_udivmoddi4.o)
                0x0000000008006fcc                __exidx_end = .
                0x0000000008006fcc                . = ALIGN (0x4)

.rel.dyn        0x0000000008006fcc        0x0
 .rel.iplt      0x0000000008006fcc        0x0 c:/st/stm32cubeide_1.4.0/stm32cubeide/plugins/com.st.stm32cube.ide.mcu.externaltools.gnu-tools-for-stm32.7-2018-q2-update.win32_1.4.0.202007081208/tools/bin/../lib/gcc/arm-none-eabi/7.3.1/thumb/v7e-m/fpv4-sp/hard/crtbegin.o

.preinit_array  0x0000000008006fcc        0x0
                0x0000000008006fcc                . = ALIGN (0x4)
                0x0000000008006fcc                PROVIDE (__preinit_array_start = .)
 *(.preinit_array*)
                0x0000000008006fcc                PROVIDE (__preinit_array_end = .)
                0x0000000008006fcc                . = ALIGN (0x4)

.init_array     0x0000000008006fcc        0x4
                0x0000000008006fcc                . = ALIGN (0x4)
                0x0000000008006fcc                PROVIDE (__init_array_start = .)
 *(SORT_BY_NAME(.init_array.*))
 *(.init_array*)
 .init_array    0x0000000008006fcc        0x4 c:/st/stm32cubeide_1.4.0/stm32cubeide/plugins/com.st.stm32cube.ide.mcu.externaltools.gnu-tools-for-stm32.7-2018-q2-update.win32_1.4.0.202007081208/tools/bin/../lib/gcc/arm-none-eabi/7.3.1/thumb/v7e-m/fpv4-sp/hard/crtbegin.o
                0x0000000008006fd0                PROVIDE (__init_array_end = .)
                0x0000000008006fd0                . = ALIGN (0x4)

.fini_array     0x0000000008006fd0        0x4
                0x0000000008006fd0                . = ALIGN (0x4)
                [!provide]                        PROVIDE (__fini_array_start = .)
 *(SORT_BY_NAME(.fini_array.*))
 *(.fini_array*)
 .fini_array    0x0000000008006fd0        0x4 c:/st/stm32cubeide_1.4.0/stm32cubeide/plugins/com.st.stm32cube.ide.mcu.externaltools.gnu-tools-for-stm32.7-2018-q2-update.win32_1.4.0.202007081208/tools/bin/../lib/gcc/arm-none-eabi/7.3.1/thumb/v7e-m/fpv4-sp/hard/crtbegin.o
                [!provide]                        PROVIDE (__fini_array_end = .)
                0x0000000008006fd4                . = ALIGN (0x4)
                0x0000000008006fd4                _sidata = LOADADDR (.data)

.data           0x0000000020000000       0x4c load address 0x0000000008006fd4
                0x0000000020000000                . = ALIGN (0x4)
                0x0000000020000000                _sdata = .
 *(.data)
 *(.data*)
 .data.prev_app_state
                0x0000000020000000        0x1 Core/Src/app.o
                0x0000000020000000                prev_app_state
 *fill*         0x0000000020000001        0x3 
 .data.row_ports_array
                0x0000000020000004       0x10 Core/Src/keypad.o
 .data.column_ports_array
                0x0000000020000014        0xc Core/Src/keypad.o
 .data.row_pins_array
                0x0000000020000020        0x8 Core/Src/keypad.o
 .data.column_pins_array
                0x0000000020000028        0x6 Core/Src/keypad.o
 *fill*         0x000000002000002e        0x2 
 .data.keypad_index_char_array
                0x0000000020000030        0xc Core/Src/keypad.o
 .data.last_pressed_index
                0x000000002000003c        0x1 Core/Src/keypad.o
                0x000000002000003c                last_pressed_index
 *fill*         0x000000002000003d        0x3 
 .data.SystemCoreClock
                0x0000000020000040        0x4 Core/Src/system_stm32l4xx.o
                0x0000000020000040                SystemCoreClock
 .data.uwTickPrio
                0x0000000020000044        0x4 Drivers/STM32L4xx_HAL_Driver/Src/stm32l4xx_hal.o
                0x0000000020000044                uwTickPrio
 .data.uwTickFreq
                0x0000000020000048        0x1 Drivers/STM32L4xx_HAL_Driver/Src/stm32l4xx_hal.o
                0x0000000020000048                uwTickFreq
                0x000000002000004c                . = ALIGN (0x4)
 *fill*         0x0000000020000049        0x3 
                0x000000002000004c                _edata = .

.igot.plt       0x000000002000004c        0x0 load address 0x0000000008007020
 .igot.plt      0x000000002000004c        0x0 c:/st/stm32cubeide_1.4.0/stm32cubeide/plugins/com.st.stm32cube.ide.mcu.externaltools.gnu-tools-for-stm32.7-2018-q2-update.win32_1.4.0.202007081208/tools/bin/../lib/gcc/arm-none-eabi/7.3.1/thumb/v7e-m/fpv4-sp/hard/crtbegin.o
                0x000000002000004c                . = ALIGN (0x4)

.bss            0x000000002000004c      0x8f0 load address 0x0000000008007020
                0x000000002000004c                _sbss = .
                0x000000002000004c                __bss_start__ = _sbss
 *(.bss)
 .bss           0x000000002000004c       0x1c c:/st/stm32cubeide_1.4.0/stm32cubeide/plugins/com.st.stm32cube.ide.mcu.externaltools.gnu-tools-for-stm32.7-2018-q2-update.win32_1.4.0.202007081208/tools/bin/../lib/gcc/arm-none-eabi/7.3.1/thumb/v7e-m/fpv4-sp/hard/crtbegin.o
 *(.bss*)
 .bss.current_app_state
                0x0000000020000068        0x1 Core/Src/app.o
                0x0000000020000068                current_app_state
 .bss.password_buffer_index
                0x0000000020000069        0x1 Core/Src/app.o
                0x0000000020000069                password_buffer_index
 .bss.tim_flag  0x000000002000006a        0x1 Core/Src/app.o
                0x000000002000006a                tim_flag
 .bss.uart_flag
                0x000000002000006b        0x1 Core/Src/app.o
                0x000000002000006b                uart_flag
 .bss.flash_tag_count
                0x000000002000006c        0x1 Core/Src/flash.o
                0x000000002000006c                flash_tag_count
 .bss.flash_tag_proxy_count
                0x000000002000006d        0x1 Core/Src/flash.o
                0x000000002000006d                flash_tag_proxy_count
 *(COMMON)
 *fill*         0x000000002000006e        0x2 
 COMMON         0x0000000020000070       0x18 Core/Src/app.o
                0x0000000020000070                RFID_buffer
                0x0000000020000080                password_buffer
                0x0000000020000084                temp_password_buffor
 COMMON         0x0000000020000088      0x604 Core/Src/flash.o
                0x0000000020000088                flash_correct_password_buffor
                0x000000002000008c                flash_tag_buffor
 COMMON         0x000000002000068c      0x2ac Core/Src/main.o
                0x000000002000068c                hi2c1
                0x00000000200006d8                uart1
                0x0000000020000758                tim2
                0x00000000200007a4                huart1
                0x0000000020000824                hspi1
                0x0000000020000888                htim2
                0x00000000200008d4                spi1
 COMMON         0x0000000020000938        0x4 Drivers/STM32L4xx_HAL_Driver/Src/stm32l4xx_hal.o
                0x0000000020000938                uwTick
                0x000000002000093c                . = ALIGN (0x4)
                0x000000002000093c                _ebss = .
                0x000000002000093c                __bss_end__ = _ebss

._user_heap_stack
                0x000000002000093c      0x604 load address 0x0000000008007020
                0x0000000020000940                . = ALIGN (0x8)
 *fill*         0x000000002000093c        0x4 
                [!provide]                        PROVIDE (end = .)
                0x0000000020000940                PROVIDE (_end = .)
                0x0000000020000b40                . = (. + _Min_Heap_Size)
 *fill*         0x0000000020000940      0x200 
                0x0000000020000f40                . = (. + _Min_Stack_Size)
 *fill*         0x0000000020000b40      0x400 
                0x0000000020000f40                . = ALIGN (0x8)

/DISCARD/
 libc.a(*)
 libm.a(*)
 libgcc.a(*)

.ARM.attributes
                0x0000000000000000       0x30
 *(.ARM.attributes)
 .ARM.attributes
                0x0000000000000000       0x22 c:/st/stm32cubeide_1.4.0/stm32cubeide/plugins/com.st.stm32cube.ide.mcu.externaltools.gnu-tools-for-stm32.7-2018-q2-update.win32_1.4.0.202007081208/tools/bin/../lib/gcc/arm-none-eabi/7.3.1/thumb/v7e-m/fpv4-sp/hard/crti.o
 .ARM.attributes
                0x0000000000000022       0x34 c:/st/stm32cubeide_1.4.0/stm32cubeide/plugins/com.st.stm32cube.ide.mcu.externaltools.gnu-tools-for-stm32.7-2018-q2-update.win32_1.4.0.202007081208/tools/bin/../lib/gcc/arm-none-eabi/7.3.1/thumb/v7e-m/fpv4-sp/hard/crtbegin.o
 .ARM.attributes
                0x0000000000000056       0x39 Core/Src/app.o
 .ARM.attributes
                0x000000000000008f       0x39 Core/Src/flash.o
 .ARM.attributes
                0x00000000000000c8       0x39 Core/Src/keypad.o
 .ARM.attributes
                0x0000000000000101       0x39 Core/Src/lcd.o
 .ARM.attributes
                0x000000000000013a       0x39 Core/Src/main.o
 .ARM.attributes
                0x0000000000000173       0x39 Core/Src/stm32l4xx_hal_msp.o
 .ARM.attributes
                0x00000000000001ac       0x39 Core/Src/stm32l4xx_it.o
 .ARM.attributes
                0x00000000000001e5       0x39 Core/Src/system_stm32l4xx.o
 .ARM.attributes
                0x000000000000021e       0x21 Core/Startup/startup_stm32l476rgtx.o
 .ARM.attributes
                0x000000000000023f       0x39 Drivers/STM32L4xx_HAL_Driver/Src/stm32l4xx_hal.o
 .ARM.attributes
                0x0000000000000278       0x39 Drivers/STM32L4xx_HAL_Driver/Src/stm32l4xx_hal_cortex.o
 .ARM.attributes
                0x00000000000002b1       0x39 Drivers/STM32L4xx_HAL_Driver/Src/stm32l4xx_hal_dma.o
 .ARM.attributes
                0x00000000000002ea       0x39 Drivers/STM32L4xx_HAL_Driver/Src/stm32l4xx_hal_gpio.o
 .ARM.attributes
                0x0000000000000323       0x39 Drivers/STM32L4xx_HAL_Driver/Src/stm32l4xx_hal_i2c.o
 .ARM.attributes
                0x000000000000035c       0x39 Drivers/STM32L4xx_HAL_Driver/Src/stm32l4xx_hal_i2c_ex.o
 .ARM.attributes
                0x0000000000000395       0x39 Drivers/STM32L4xx_HAL_Driver/Src/stm32l4xx_hal_pwr_ex.o
 .ARM.attributes
                0x00000000000003ce       0x39 Drivers/STM32L4xx_HAL_Driver/Src/stm32l4xx_hal_rcc.o
 .ARM.attributes
                0x0000000000000407       0x39 Drivers/STM32L4xx_HAL_Driver/Src/stm32l4xx_hal_rcc_ex.o
 .ARM.attributes
                0x0000000000000440       0x39 Drivers/STM32L4xx_HAL_Driver/Src/stm32l4xx_hal_spi.o
 .ARM.attributes
                0x0000000000000479       0x39 Drivers/STM32L4xx_HAL_Driver/Src/stm32l4xx_hal_tim.o
 .ARM.attributes
                0x00000000000004b2       0x39 Drivers/STM32L4xx_HAL_Driver/Src/stm32l4xx_hal_tim_ex.o
 .ARM.attributes
                0x00000000000004eb       0x39 Drivers/STM32L4xx_HAL_Driver/Src/stm32l4xx_hal_uart.o
 .ARM.attributes
                0x0000000000000524       0x39 Drivers/STM32L4xx_HAL_Driver/Src/stm32l4xx_hal_uart_ex.o
 .ARM.attributes
                0x000000000000055d       0x34 c:/st/stm32cubeide_1.4.0/stm32cubeide/plugins/com.st.stm32cube.ide.mcu.externaltools.gnu-tools-for-stm32.7-2018-q2-update.win32_1.4.0.202007081208/tools/bin/../lib/gcc/arm-none-eabi/7.3.1/../../../../arm-none-eabi/lib/thumb/v7e-m/fpv4-sp/hard\libc_nano.a(lib_a-init.o)
 .ARM.attributes
                0x0000000000000591       0x34 c:/st/stm32cubeide_1.4.0/stm32cubeide/plugins/com.st.stm32cube.ide.mcu.externaltools.gnu-tools-for-stm32.7-2018-q2-update.win32_1.4.0.202007081208/tools/bin/../lib/gcc/arm-none-eabi/7.3.1/../../../../arm-none-eabi/lib/thumb/v7e-m/fpv4-sp/hard\libc_nano.a(lib_a-memcpy-stub.o)
 .ARM.attributes
                0x00000000000005c5       0x34 c:/st/stm32cubeide_1.4.0/stm32cubeide/plugins/com.st.stm32cube.ide.mcu.externaltools.gnu-tools-for-stm32.7-2018-q2-update.win32_1.4.0.202007081208/tools/bin/../lib/gcc/arm-none-eabi/7.3.1/../../../../arm-none-eabi/lib/thumb/v7e-m/fpv4-sp/hard\libc_nano.a(lib_a-memset.o)
 .ARM.attributes
                0x00000000000005f9       0x34 c:/st/stm32cubeide_1.4.0/stm32cubeide/plugins/com.st.stm32cube.ide.mcu.externaltools.gnu-tools-for-stm32.7-2018-q2-update.win32_1.4.0.202007081208/tools/bin/../lib/gcc/arm-none-eabi/7.3.1/../../../../arm-none-eabi/lib/thumb/v7e-m/fpv4-sp/hard\libc_nano.a(lib_a-strcpy.o)
 .ARM.attributes
                0x000000000000062d       0x22 c:/st/stm32cubeide_1.4.0/stm32cubeide/plugins/com.st.stm32cube.ide.mcu.externaltools.gnu-tools-for-stm32.7-2018-q2-update.win32_1.4.0.202007081208/tools/bin/../lib/gcc/arm-none-eabi/7.3.1/thumb/v7e-m/fpv4-sp/hard\libgcc.a(_aeabi_uldivmod.o)
 .ARM.attributes
                0x000000000000064f       0x34 c:/st/stm32cubeide_1.4.0/stm32cubeide/plugins/com.st.stm32cube.ide.mcu.externaltools.gnu-tools-for-stm32.7-2018-q2-update.win32_1.4.0.202007081208/tools/bin/../lib/gcc/arm-none-eabi/7.3.1/thumb/v7e-m/fpv4-sp/hard\libgcc.a(_udivmoddi4.o)
 .ARM.attributes
                0x0000000000000683       0x22 c:/st/stm32cubeide_1.4.0/stm32cubeide/plugins/com.st.stm32cube.ide.mcu.externaltools.gnu-tools-for-stm32.7-2018-q2-update.win32_1.4.0.202007081208/tools/bin/../lib/gcc/arm-none-eabi/7.3.1/thumb/v7e-m/fpv4-sp/hard\libgcc.a(_dvmd_tls.o)
 .ARM.attributes
                0x00000000000006a5       0x22 c:/st/stm32cubeide_1.4.0/stm32cubeide/plugins/com.st.stm32cube.ide.mcu.externaltools.gnu-tools-for-stm32.7-2018-q2-update.win32_1.4.0.202007081208/tools/bin/../lib/gcc/arm-none-eabi/7.3.1/thumb/v7e-m/fpv4-sp/hard/crtn.o
OUTPUT(RFID_KPZ.elf elf32-littlearm)

.debug_info     0x0000000000000000    0x17ddb
 .debug_info    0x0000000000000000     0x1758 Core/Src/app.o
 .debug_info    0x0000000000001758     0x1439 Core/Src/flash.o
 .debug_info    0x0000000000002b91      0x53e Core/Src/keypad.o
 .debug_info    0x00000000000030cf      0x946 Core/Src/lcd.o
 .debug_info    0x0000000000003a15     0x1b39 Core/Src/main.o
 .debug_info    0x000000000000554e     0x1807 Core/Src/stm32l4xx_hal_msp.o
 .debug_info    0x0000000000006d55      0xc05 Core/Src/stm32l4xx_it.o
 .debug_info    0x000000000000795a      0x727 Core/Src/system_stm32l4xx.o
 .debug_info    0x0000000000008081       0x22 Core/Startup/startup_stm32l476rgtx.o
 .debug_info    0x00000000000080a3      0xc20 Drivers/STM32L4xx_HAL_Driver/Src/stm32l4xx_hal.o
 .debug_info    0x0000000000008cc3      0xf6d Drivers/STM32L4xx_HAL_Driver/Src/stm32l4xx_hal_cortex.o
 .debug_info    0x0000000000009c30      0x8f2 Drivers/STM32L4xx_HAL_Driver/Src/stm32l4xx_hal_dma.o
 .debug_info    0x000000000000a522      0x9c2 Drivers/STM32L4xx_HAL_Driver/Src/stm32l4xx_hal_gpio.o
 .debug_info    0x000000000000aee4     0x210d Drivers/STM32L4xx_HAL_Driver/Src/stm32l4xx_hal_i2c.o
 .debug_info    0x000000000000cff1      0xb72 Drivers/STM32L4xx_HAL_Driver/Src/stm32l4xx_hal_i2c_ex.o
 .debug_info    0x000000000000db63      0xb35 Drivers/STM32L4xx_HAL_Driver/Src/stm32l4xx_hal_pwr_ex.o
 .debug_info    0x000000000000e698      0xd2f Drivers/STM32L4xx_HAL_Driver/Src/stm32l4xx_hal_rcc.o
 .debug_info    0x000000000000f3c7      0xf41 Drivers/STM32L4xx_HAL_Driver/Src/stm32l4xx_hal_rcc_ex.o
 .debug_info    0x0000000000010308     0x178d Drivers/STM32L4xx_HAL_Driver/Src/stm32l4xx_hal_spi.o
 .debug_info    0x0000000000011a95     0x2a61 Drivers/STM32L4xx_HAL_Driver/Src/stm32l4xx_hal_tim.o
 .debug_info    0x00000000000144f6     0x167e Drivers/STM32L4xx_HAL_Driver/Src/stm32l4xx_hal_tim_ex.o
 .debug_info    0x0000000000015b74     0x1830 Drivers/STM32L4xx_HAL_Driver/Src/stm32l4xx_hal_uart.o
 .debug_info    0x00000000000173a4      0xa37 Drivers/STM32L4xx_HAL_Driver/Src/stm32l4xx_hal_uart_ex.o

.debug_abbrev   0x0000000000000000     0x2c02
 .debug_abbrev  0x0000000000000000      0x260 Core/Src/app.o
 .debug_abbrev  0x0000000000000260      0x29d Core/Src/flash.o
 .debug_abbrev  0x00000000000004fd      0x173 Core/Src/keypad.o
 .debug_abbrev  0x0000000000000670      0x19b Core/Src/lcd.o
 .debug_abbrev  0x000000000000080b      0x224 Core/Src/main.o
 .debug_abbrev  0x0000000000000a2f      0x1e9 Core/Src/stm32l4xx_hal_msp.o
 .debug_abbrev  0x0000000000000c18      0x15a Core/Src/stm32l4xx_it.o
 .debug_abbrev  0x0000000000000d72      0x150 Core/Src/system_stm32l4xx.o
 .debug_abbrev  0x0000000000000ec2       0x12 Core/Startup/startup_stm32l476rgtx.o
 .debug_abbrev  0x0000000000000ed4      0x1fb Drivers/STM32L4xx_HAL_Driver/Src/stm32l4xx_hal.o
 .debug_abbrev  0x00000000000010cf      0x2fa Drivers/STM32L4xx_HAL_Driver/Src/stm32l4xx_hal_cortex.o
 .debug_abbrev  0x00000000000013c9      0x1d9 Drivers/STM32L4xx_HAL_Driver/Src/stm32l4xx_hal_dma.o
 .debug_abbrev  0x00000000000015a2      0x1c0 Drivers/STM32L4xx_HAL_Driver/Src/stm32l4xx_hal_gpio.o
 .debug_abbrev  0x0000000000001762      0x22a Drivers/STM32L4xx_HAL_Driver/Src/stm32l4xx_hal_i2c.o
 .debug_abbrev  0x000000000000198c      0x1b9 Drivers/STM32L4xx_HAL_Driver/Src/stm32l4xx_hal_i2c_ex.o
 .debug_abbrev  0x0000000000001b45      0x1cb Drivers/STM32L4xx_HAL_Driver/Src/stm32l4xx_hal_pwr_ex.o
 .debug_abbrev  0x0000000000001d10      0x245 Drivers/STM32L4xx_HAL_Driver/Src/stm32l4xx_hal_rcc.o
 .debug_abbrev  0x0000000000001f55      0x238 Drivers/STM32L4xx_HAL_Driver/Src/stm32l4xx_hal_rcc_ex.o
 .debug_abbrev  0x000000000000218d      0x228 Drivers/STM32L4xx_HAL_Driver/Src/stm32l4xx_hal_spi.o
 .debug_abbrev  0x00000000000023b5      0x230 Drivers/STM32L4xx_HAL_Driver/Src/stm32l4xx_hal_tim.o
 .debug_abbrev  0x00000000000025e5      0x236 Drivers/STM32L4xx_HAL_Driver/Src/stm32l4xx_hal_tim_ex.o
 .debug_abbrev  0x000000000000281b      0x205 Drivers/STM32L4xx_HAL_Driver/Src/stm32l4xx_hal_uart.o
 .debug_abbrev  0x0000000000002a20      0x1e2 Drivers/STM32L4xx_HAL_Driver/Src/stm32l4xx_hal_uart_ex.o

.debug_aranges  0x0000000000000000     0x1550
 .debug_aranges
                0x0000000000000000       0x88 Core/Src/app.o
 .debug_aranges
                0x0000000000000088       0x98 Core/Src/flash.o
 .debug_aranges
                0x0000000000000120       0x38 Core/Src/keypad.o
 .debug_aranges
                0x0000000000000158       0x48 Core/Src/lcd.o
 .debug_aranges
                0x00000000000001a0       0x58 Core/Src/main.o
 .debug_aranges
                0x00000000000001f8       0x60 Core/Src/stm32l4xx_hal_msp.o
 .debug_aranges
                0x0000000000000258       0x70 Core/Src/stm32l4xx_it.o
 .debug_aranges
                0x00000000000002c8       0x28 Core/Src/system_stm32l4xx.o
 .debug_aranges
                0x00000000000002f0       0x28 Core/Startup/startup_stm32l476rgtx.o
 .debug_aranges
                0x0000000000000318      0x130 Drivers/STM32L4xx_HAL_Driver/Src/stm32l4xx_hal.o
 .debug_aranges
                0x0000000000000448      0x118 Drivers/STM32L4xx_HAL_Driver/Src/stm32l4xx_hal_cortex.o
 .debug_aranges
                0x0000000000000560       0x80 Drivers/STM32L4xx_HAL_Driver/Src/stm32l4xx_hal_dma.o
 .debug_aranges
                0x00000000000005e0       0x58 Drivers/STM32L4xx_HAL_Driver/Src/stm32l4xx_hal_gpio.o
 .debug_aranges
                0x0000000000000638      0x290 Drivers/STM32L4xx_HAL_Driver/Src/stm32l4xx_hal_i2c.o
 .debug_aranges
                0x00000000000008c8       0x48 Drivers/STM32L4xx_HAL_Driver/Src/stm32l4xx_hal_i2c_ex.o
 .debug_aranges
                0x0000000000000910      0x150 Drivers/STM32L4xx_HAL_Driver/Src/stm32l4xx_hal_pwr_ex.o
 .debug_aranges
                0x0000000000000a60       0x88 Drivers/STM32L4xx_HAL_Driver/Src/stm32l4xx_hal_rcc.o
 .debug_aranges
                0x0000000000000ae8       0xc0 Drivers/STM32L4xx_HAL_Driver/Src/stm32l4xx_hal_rcc_ex.o
 .debug_aranges
                0x0000000000000ba8      0x1d8 Drivers/STM32L4xx_HAL_Driver/Src/stm32l4xx_hal_spi.o
 .debug_aranges
                0x0000000000000d80      0x3e0 Drivers/STM32L4xx_HAL_Driver/Src/stm32l4xx_hal_tim.o
 .debug_aranges
                0x0000000000001160      0x180 Drivers/STM32L4xx_HAL_Driver/Src/stm32l4xx_hal_tim_ex.o
 .debug_aranges
                0x00000000000012e0      0x210 Drivers/STM32L4xx_HAL_Driver/Src/stm32l4xx_hal_uart.o
 .debug_aranges
                0x00000000000014f0       0x60 Drivers/STM32L4xx_HAL_Driver/Src/stm32l4xx_hal_uart_ex.o

.debug_ranges   0x0000000000000000     0x1468
 .debug_ranges  0x0000000000000000       0xf8 Core/Src/app.o
 .debug_ranges  0x00000000000000f8       0x88 Core/Src/flash.o
 .debug_ranges  0x0000000000000180       0x28 Core/Src/keypad.o
 .debug_ranges  0x00000000000001a8       0x38 Core/Src/lcd.o
 .debug_ranges  0x00000000000001e0       0x48 Core/Src/main.o
 .debug_ranges  0x0000000000000228       0x50 Core/Src/stm32l4xx_hal_msp.o
 .debug_ranges  0x0000000000000278       0x60 Core/Src/stm32l4xx_it.o
 .debug_ranges  0x00000000000002d8       0x18 Core/Src/system_stm32l4xx.o
 .debug_ranges  0x00000000000002f0       0x20 Core/Startup/startup_stm32l476rgtx.o
 .debug_ranges  0x0000000000000310      0x120 Drivers/STM32L4xx_HAL_Driver/Src/stm32l4xx_hal.o
 .debug_ranges  0x0000000000000430      0x108 Drivers/STM32L4xx_HAL_Driver/Src/stm32l4xx_hal_cortex.o
 .debug_ranges  0x0000000000000538       0x70 Drivers/STM32L4xx_HAL_Driver/Src/stm32l4xx_hal_dma.o
 .debug_ranges  0x00000000000005a8       0x48 Drivers/STM32L4xx_HAL_Driver/Src/stm32l4xx_hal_gpio.o
 .debug_ranges  0x00000000000005f0      0x280 Drivers/STM32L4xx_HAL_Driver/Src/stm32l4xx_hal_i2c.o
 .debug_ranges  0x0000000000000870       0x38 Drivers/STM32L4xx_HAL_Driver/Src/stm32l4xx_hal_i2c_ex.o
 .debug_ranges  0x00000000000008a8      0x140 Drivers/STM32L4xx_HAL_Driver/Src/stm32l4xx_hal_pwr_ex.o
 .debug_ranges  0x00000000000009e8       0x78 Drivers/STM32L4xx_HAL_Driver/Src/stm32l4xx_hal_rcc.o
 .debug_ranges  0x0000000000000a60       0xb0 Drivers/STM32L4xx_HAL_Driver/Src/stm32l4xx_hal_rcc_ex.o
 .debug_ranges  0x0000000000000b10      0x1c8 Drivers/STM32L4xx_HAL_Driver/Src/stm32l4xx_hal_spi.o
 .debug_ranges  0x0000000000000cd8      0x3d0 Drivers/STM32L4xx_HAL_Driver/Src/stm32l4xx_hal_tim.o
 .debug_ranges  0x00000000000010a8      0x170 Drivers/STM32L4xx_HAL_Driver/Src/stm32l4xx_hal_tim_ex.o
 .debug_ranges  0x0000000000001218      0x200 Drivers/STM32L4xx_HAL_Driver/Src/stm32l4xx_hal_uart.o
 .debug_ranges  0x0000000000001418       0x50 Drivers/STM32L4xx_HAL_Driver/Src/stm32l4xx_hal_uart_ex.o

.debug_macro    0x0000000000000000    0x27f15
 .debug_macro   0x0000000000000000      0x21f Core/Src/app.o
 .debug_macro   0x000000000000021f      0xa5a Core/Src/app.o
 .debug_macro   0x0000000000000c79      0x1b3 Core/Src/app.o
 .debug_macro   0x0000000000000e2c       0x2e Core/Src/app.o
 .debug_macro   0x0000000000000e5a       0x28 Core/Src/app.o
 .debug_macro   0x0000000000000e82       0x22 Core/Src/app.o
 .debug_macro   0x0000000000000ea4       0x8e Core/Src/app.o
 .debug_macro   0x0000000000000f32       0x51 Core/Src/app.o
 .debug_macro   0x0000000000000f83       0xef Core/Src/app.o
 .debug_macro   0x0000000000001072       0x6a Core/Src/app.o
 .debug_macro   0x00000000000010dc      0x1df Core/Src/app.o
 .debug_macro   0x00000000000012bb       0x1c Core/Src/app.o
 .debug_macro   0x00000000000012d7       0x22 Core/Src/app.o
 .debug_macro   0x00000000000012f9      0x101 Core/Src/app.o
 .debug_macro   0x00000000000013fa     0x1011 Core/Src/app.o
 .debug_macro   0x000000000000240b      0x11f Core/Src/app.o
 .debug_macro   0x000000000000252a    0x1a13d Core/Src/app.o
 .debug_macro   0x000000000001c667       0x43 Core/Src/app.o
 .debug_macro   0x000000000001c6aa     0x3890 Core/Src/app.o
 .debug_macro   0x000000000001ff3a      0x174 Core/Src/app.o
 .debug_macro   0x00000000000200ae       0x5c Core/Src/app.o
 .debug_macro   0x000000000002010a     0x155f Core/Src/app.o
 .debug_macro   0x0000000000021669      0x59e Core/Src/app.o
 .debug_macro   0x0000000000021c07      0x13d Core/Src/app.o
 .debug_macro   0x0000000000021d44      0x18b Core/Src/app.o
 .debug_macro   0x0000000000021ecf      0x26b Core/Src/app.o
 .debug_macro   0x000000000002213a      0x23d Core/Src/app.o
 .debug_macro   0x0000000000022377      0x241 Core/Src/app.o
 .debug_macro   0x00000000000225b8      0x37c Core/Src/app.o
 .debug_macro   0x0000000000022934       0xd6 Core/Src/app.o
 .debug_macro   0x0000000000022a0a      0x22c Core/Src/app.o
 .debug_macro   0x0000000000022c36       0x61 Core/Src/app.o
 .debug_macro   0x0000000000022c97       0xa5 Core/Src/app.o
 .debug_macro   0x0000000000022d3c      0x122 Core/Src/app.o
 .debug_macro   0x0000000000022e5e      0x3e9 Core/Src/app.o
 .debug_macro   0x0000000000023247      0x2fe Core/Src/app.o
 .debug_macro   0x0000000000023545      0xa75 Core/Src/app.o
 .debug_macro   0x0000000000023fba      0x1e7 Core/Src/app.o
 .debug_macro   0x00000000000241a1      0x59e Core/Src/app.o
 .debug_macro   0x000000000002473f       0x44 Core/Src/app.o
 .debug_macro   0x0000000000024783      0x331 Core/Src/app.o
 .debug_macro   0x0000000000024ab4       0x7c Core/Src/app.o
 .debug_macro   0x0000000000024b30       0x22 Core/Src/app.o
 .debug_macro   0x0000000000024b52       0x5e Core/Src/app.o
 .debug_macro   0x0000000000024bb0      0x2be Core/Src/flash.o
 .debug_macro   0x0000000000024e6e       0x1c Core/Src/flash.o
 .debug_macro   0x0000000000024e8a       0x46 Core/Src/flash.o
 .debug_macro   0x0000000000024ed0       0x18 Core/Src/flash.o
 .debug_macro   0x0000000000024ee8       0x3c Core/Src/flash.o
 .debug_macro   0x0000000000024f24       0x34 Core/Src/flash.o
 .debug_macro   0x0000000000024f58       0x52 Core/Src/flash.o
 .debug_macro   0x0000000000024faa       0x1f Core/Src/flash.o
 .debug_macro   0x0000000000024fc9       0x43 Core/Src/flash.o
 .debug_macro   0x000000000002500c       0x20 Core/Src/flash.o
 .debug_macro   0x000000000002502c      0x1a3 Core/Src/flash.o
 .debug_macro   0x00000000000251cf      0x32a Core/Src/flash.o
 .debug_macro   0x00000000000254f9       0x10 Core/Src/flash.o
 .debug_macro   0x0000000000025509       0x35 Core/Src/flash.o
 .debug_macro   0x000000000002553e       0x20 Core/Src/flash.o
 .debug_macro   0x000000000002555e      0x1fd Core/Src/keypad.o
 .debug_macro   0x000000000002575b       0x76 Core/Src/keypad.o
 .debug_macro   0x00000000000257d1      0x1fe Core/Src/lcd.o
 .debug_macro   0x00000000000259cf      0x222 Core/Src/main.o
 .debug_macro   0x0000000000025bf1       0x10 Core/Src/main.o
 .debug_macro   0x0000000000025c01      0x1f8 Core/Src/stm32l4xx_hal_msp.o
 .debug_macro   0x0000000000025df9      0x202 Core/Src/stm32l4xx_it.o
 .debug_macro   0x0000000000025ffb      0x1f4 Core/Src/system_stm32l4xx.o
 .debug_macro   0x00000000000261ef      0x23c Drivers/STM32L4xx_HAL_Driver/Src/stm32l4xx_hal.o
 .debug_macro   0x000000000002642b      0x1ee Drivers/STM32L4xx_HAL_Driver/Src/stm32l4xx_hal_cortex.o
 .debug_macro   0x0000000000026619      0x1ee Drivers/STM32L4xx_HAL_Driver/Src/stm32l4xx_hal_dma.o
 .debug_macro   0x0000000000026807      0x22d Drivers/STM32L4xx_HAL_Driver/Src/stm32l4xx_hal_gpio.o
 .debug_macro   0x0000000000026a34      0x2b3 Drivers/STM32L4xx_HAL_Driver/Src/stm32l4xx_hal_i2c.o
 .debug_macro   0x0000000000026ce7      0x1ee Drivers/STM32L4xx_HAL_Driver/Src/stm32l4xx_hal_i2c_ex.o
 .debug_macro   0x0000000000026ed5      0x212 Drivers/STM32L4xx_HAL_Driver/Src/stm32l4xx_hal_pwr_ex.o
 .debug_macro   0x00000000000270e7      0x230 Drivers/STM32L4xx_HAL_Driver/Src/stm32l4xx_hal_rcc.o
 .debug_macro   0x0000000000027317      0x224 Drivers/STM32L4xx_HAL_Driver/Src/stm32l4xx_hal_rcc_ex.o
 .debug_macro   0x000000000002753b      0x1f6 Drivers/STM32L4xx_HAL_Driver/Src/stm32l4xx_hal_spi.o
 .debug_macro   0x0000000000027731      0x1ef Drivers/STM32L4xx_HAL_Driver/Src/stm32l4xx_hal_tim.o
 .debug_macro   0x0000000000027920      0x1ee Drivers/STM32L4xx_HAL_Driver/Src/stm32l4xx_hal_tim_ex.o
 .debug_macro   0x0000000000027b0e      0x219 Drivers/STM32L4xx_HAL_Driver/Src/stm32l4xx_hal_uart.o
 .debug_macro   0x0000000000027d27      0x1ee Drivers/STM32L4xx_HAL_Driver/Src/stm32l4xx_hal_uart_ex.o

.debug_line     0x0000000000000000    0x1199e
 .debug_line    0x0000000000000000      0x9af Core/Src/app.o
 .debug_line    0x00000000000009af      0xa8b Core/Src/flash.o
 .debug_line    0x000000000000143a      0x793 Core/Src/keypad.o
 .debug_line    0x0000000000001bcd      0x794 Core/Src/lcd.o
 .debug_line    0x0000000000002361      0x869 Core/Src/main.o
 .debug_line    0x0000000000002bca      0x7de Core/Src/stm32l4xx_hal_msp.o
 .debug_line    0x00000000000033a8      0x7ec Core/Src/stm32l4xx_it.o
 .debug_line    0x0000000000003b94      0x74f Core/Src/system_stm32l4xx.o
 .debug_line    0x00000000000042e3       0x87 Core/Startup/startup_stm32l476rgtx.o
 .debug_line    0x000000000000436a      0x9c5 Drivers/STM32L4xx_HAL_Driver/Src/stm32l4xx_hal.o
 .debug_line    0x0000000000004d2f      0xa4d Drivers/STM32L4xx_HAL_Driver/Src/stm32l4xx_hal_cortex.o
 .debug_line    0x000000000000577c      0x948 Drivers/STM32L4xx_HAL_Driver/Src/stm32l4xx_hal_dma.o
 .debug_line    0x00000000000060c4      0x8e0 Drivers/STM32L4xx_HAL_Driver/Src/stm32l4xx_hal_gpio.o
 .debug_line    0x00000000000069a4     0x1b07 Drivers/STM32L4xx_HAL_Driver/Src/stm32l4xx_hal_i2c.o
 .debug_line    0x00000000000084ab      0x868 Drivers/STM32L4xx_HAL_Driver/Src/stm32l4xx_hal_i2c_ex.o
 .debug_line    0x0000000000008d13      0xad9 Drivers/STM32L4xx_HAL_Driver/Src/stm32l4xx_hal_pwr_ex.o
 .debug_line    0x00000000000097ec      0xa3c Drivers/STM32L4xx_HAL_Driver/Src/stm32l4xx_hal_rcc.o
 .debug_line    0x000000000000a228      0xcd2 Drivers/STM32L4xx_HAL_Driver/Src/stm32l4xx_hal_rcc_ex.o
 .debug_line    0x000000000000aefa     0x11bf Drivers/STM32L4xx_HAL_Driver/Src/stm32l4xx_hal_spi.o
 .debug_line    0x000000000000c0b9     0x27e5 Drivers/STM32L4xx_HAL_Driver/Src/stm32l4xx_hal_tim.o
 .debug_line    0x000000000000e89e     0x15b5 Drivers/STM32L4xx_HAL_Driver/Src/stm32l4xx_hal_tim_ex.o
 .debug_line    0x000000000000fe53     0x12d4 Drivers/STM32L4xx_HAL_Driver/Src/stm32l4xx_hal_uart.o
 .debug_line    0x0000000000011127      0x877 Drivers/STM32L4xx_HAL_Driver/Src/stm32l4xx_hal_uart_ex.o

.debug_str      0x0000000000000000    0xf6846
 .debug_str     0x0000000000000000    0xeded8 Core/Src/app.o
                                      0xee31a (size before relaxing)
 .debug_str     0x00000000000eded8     0x308d Core/Src/flash.o
                                      0xf0523 (size before relaxing)
 .debug_str     0x00000000000f0f65       0x7f Core/Src/keypad.o
                                      0xed297 (size before relaxing)
 .debug_str     0x00000000000f0fe4       0x71 Core/Src/lcd.o
                                      0xed4b0 (size before relaxing)
 .debug_str     0x00000000000f1055      0x64d Core/Src/main.o
                                      0xee802 (size before relaxing)
 .debug_str     0x00000000000f16a2      0x513 Core/Src/stm32l4xx_hal_msp.o
                                      0xee1f3 (size before relaxing)
 .debug_str     0x00000000000f1bb5       0xdf Core/Src/stm32l4xx_it.o
                                      0xed73f (size before relaxing)
 .debug_str     0x00000000000f1c94       0xcd Core/Src/system_stm32l4xx.o
                                      0xed186 (size before relaxing)
 .debug_str     0x00000000000f1d61       0x36 Core/Startup/startup_stm32l476rgtx.o
                                         0x85 (size before relaxing)
 .debug_str     0x00000000000f1d97      0x5a4 Drivers/STM32L4xx_HAL_Driver/Src/stm32l4xx_hal.o
                                      0xedc6a (size before relaxing)
 .debug_str     0x00000000000f233b      0x389 Drivers/STM32L4xx_HAL_Driver/Src/stm32l4xx_hal_cortex.o
                                      0xed9da (size before relaxing)
 .debug_str     0x00000000000f26c4      0x253 Drivers/STM32L4xx_HAL_Driver/Src/stm32l4xx_hal_dma.o
                                      0xed3de (size before relaxing)
 .debug_str     0x00000000000f2917      0x236 Drivers/STM32L4xx_HAL_Driver/Src/stm32l4xx_hal_gpio.o
                                      0xed405 (size before relaxing)
 .debug_str     0x00000000000f2b4d      0xd44 Drivers/STM32L4xx_HAL_Driver/Src/stm32l4xx_hal_i2c.o
                                      0xee297 (size before relaxing)
 .debug_str     0x00000000000f3891       0xb8 Drivers/STM32L4xx_HAL_Driver/Src/stm32l4xx_hal_i2c_ex.o
                                      0xed68f (size before relaxing)
 .debug_str     0x00000000000f3949      0x4b4 Drivers/STM32L4xx_HAL_Driver/Src/stm32l4xx_hal_pwr_ex.o
                                      0xed6a1 (size before relaxing)
 .debug_str     0x00000000000f3dfd      0x3aa Drivers/STM32L4xx_HAL_Driver/Src/stm32l4xx_hal_rcc.o
                                      0xed748 (size before relaxing)
 .debug_str     0x00000000000f41a7      0x3a6 Drivers/STM32L4xx_HAL_Driver/Src/stm32l4xx_hal_rcc_ex.o
                                      0xed8d9 (size before relaxing)
 .debug_str     0x00000000000f454d      0x571 Drivers/STM32L4xx_HAL_Driver/Src/stm32l4xx_hal_spi.o
                                      0xed932 (size before relaxing)
 .debug_str     0x00000000000f4abe      0xdd9 Drivers/STM32L4xx_HAL_Driver/Src/stm32l4xx_hal_tim.o
                                      0xee40e (size before relaxing)
 .debug_str     0x00000000000f5897      0x625 Drivers/STM32L4xx_HAL_Driver/Src/stm32l4xx_hal_tim_ex.o
                                      0xedd02 (size before relaxing)
 .debug_str     0x00000000000f5ebc      0x805 Drivers/STM32L4xx_HAL_Driver/Src/stm32l4xx_hal_uart.o
                                      0xedd3d (size before relaxing)
 .debug_str     0x00000000000f66c1      0x185 Drivers/STM32L4xx_HAL_Driver/Src/stm32l4xx_hal_uart_ex.o
                                      0xed52c (size before relaxing)

.comment        0x0000000000000000       0x7b
 .comment       0x0000000000000000       0x7b Core/Src/app.o
                                         0x7c (size before relaxing)
 .comment       0x000000000000007b       0x7c Core/Src/flash.o
 .comment       0x000000000000007b       0x7c Core/Src/keypad.o
 .comment       0x000000000000007b       0x7c Core/Src/lcd.o
 .comment       0x000000000000007b       0x7c Core/Src/main.o
 .comment       0x000000000000007b       0x7c Core/Src/stm32l4xx_hal_msp.o
 .comment       0x000000000000007b       0x7c Core/Src/stm32l4xx_it.o
 .comment       0x000000000000007b       0x7c Core/Src/system_stm32l4xx.o
 .comment       0x000000000000007b       0x7c Drivers/STM32L4xx_HAL_Driver/Src/stm32l4xx_hal.o
 .comment       0x000000000000007b       0x7c Drivers/STM32L4xx_HAL_Driver/Src/stm32l4xx_hal_cortex.o
 .comment       0x000000000000007b       0x7c Drivers/STM32L4xx_HAL_Driver/Src/stm32l4xx_hal_dma.o
 .comment       0x000000000000007b       0x7c Drivers/STM32L4xx_HAL_Driver/Src/stm32l4xx_hal_gpio.o
 .comment       0x000000000000007b       0x7c Drivers/STM32L4xx_HAL_Driver/Src/stm32l4xx_hal_i2c.o
 .comment       0x000000000000007b       0x7c Drivers/STM32L4xx_HAL_Driver/Src/stm32l4xx_hal_i2c_ex.o
 .comment       0x000000000000007b       0x7c Drivers/STM32L4xx_HAL_Driver/Src/stm32l4xx_hal_pwr_ex.o
 .comment       0x000000000000007b       0x7c Drivers/STM32L4xx_HAL_Driver/Src/stm32l4xx_hal_rcc.o
 .comment       0x000000000000007b       0x7c Drivers/STM32L4xx_HAL_Driver/Src/stm32l4xx_hal_rcc_ex.o
 .comment       0x000000000000007b       0x7c Drivers/STM32L4xx_HAL_Driver/Src/stm32l4xx_hal_spi.o
 .comment       0x000000000000007b       0x7c Drivers/STM32L4xx_HAL_Driver/Src/stm32l4xx_hal_tim.o
 .comment       0x000000000000007b       0x7c Drivers/STM32L4xx_HAL_Driver/Src/stm32l4xx_hal_tim_ex.o
 .comment       0x000000000000007b       0x7c Drivers/STM32L4xx_HAL_Driver/Src/stm32l4xx_hal_uart.o
 .comment       0x000000000000007b       0x7c Drivers/STM32L4xx_HAL_Driver/Src/stm32l4xx_hal_uart_ex.o

.debug_frame    0x0000000000000000     0x5a90
 .debug_frame   0x0000000000000000      0x210 Core/Src/app.o
 .debug_frame   0x0000000000000210      0x250 Core/Src/flash.o
 .debug_frame   0x0000000000000460       0xa4 Core/Src/keypad.o
 .debug_frame   0x0000000000000504       0xe8 Core/Src/lcd.o
 .debug_frame   0x00000000000005ec      0x110 Core/Src/main.o
 .debug_frame   0x00000000000006fc      0x158 Core/Src/stm32l4xx_hal_msp.o
 .debug_frame   0x0000000000000854      0x144 Core/Src/stm32l4xx_it.o
 .debug_frame   0x0000000000000998       0x58 Core/Src/system_stm32l4xx.o
 .debug_frame   0x00000000000009f0      0x498 Drivers/STM32L4xx_HAL_Driver/Src/stm32l4xx_hal.o
 .debug_frame   0x0000000000000e88      0x498 Drivers/STM32L4xx_HAL_Driver/Src/stm32l4xx_hal_cortex.o
 .debug_frame   0x0000000000001320      0x204 Drivers/STM32L4xx_HAL_Driver/Src/stm32l4xx_hal_dma.o
 .debug_frame   0x0000000000001524      0x14c Drivers/STM32L4xx_HAL_Driver/Src/stm32l4xx_hal_gpio.o
 .debug_frame   0x0000000000001670      0xbe8 Drivers/STM32L4xx_HAL_Driver/Src/stm32l4xx_hal_i2c.o
 .debug_frame   0x0000000000002258      0x100 Drivers/STM32L4xx_HAL_Driver/Src/stm32l4xx_hal_i2c_ex.o
 .debug_frame   0x0000000000002358      0x544 Drivers/STM32L4xx_HAL_Driver/Src/stm32l4xx_hal_pwr_ex.o
 .debug_frame   0x000000000000289c      0x1f4 Drivers/STM32L4xx_HAL_Driver/Src/stm32l4xx_hal_rcc.o
 .debug_frame   0x0000000000002a90      0x2fc Drivers/STM32L4xx_HAL_Driver/Src/stm32l4xx_hal_rcc_ex.o
 .debug_frame   0x0000000000002d8c      0x860 Drivers/STM32L4xx_HAL_Driver/Src/stm32l4xx_hal_spi.o
 .debug_frame   0x00000000000035ec     0x121c Drivers/STM32L4xx_HAL_Driver/Src/stm32l4xx_hal_tim.o
 .debug_frame   0x0000000000004808      0x6b0 Drivers/STM32L4xx_HAL_Driver/Src/stm32l4xx_hal_tim_ex.o
 .debug_frame   0x0000000000004eb8      0x974 Drivers/STM32L4xx_HAL_Driver/Src/stm32l4xx_hal_uart.o
 .debug_frame   0x000000000000582c      0x170 Drivers/STM32L4xx_HAL_Driver/Src/stm32l4xx_hal_uart_ex.o
 .debug_frame   0x000000000000599c       0x2c c:/st/stm32cubeide_1.4.0/stm32cubeide/plugins/com.st.stm32cube.ide.mcu.externaltools.gnu-tools-for-stm32.7-2018-q2-update.win32_1.4.0.202007081208/tools/bin/../lib/gcc/arm-none-eabi/7.3.1/../../../../arm-none-eabi/lib/thumb/v7e-m/fpv4-sp/hard\libc_nano.a(lib_a-init.o)
 .debug_frame   0x00000000000059c8       0x28 c:/st/stm32cubeide_1.4.0/stm32cubeide/plugins/com.st.stm32cube.ide.mcu.externaltools.gnu-tools-for-stm32.7-2018-q2-update.win32_1.4.0.202007081208/tools/bin/../lib/gcc/arm-none-eabi/7.3.1/../../../../arm-none-eabi/lib/thumb/v7e-m/fpv4-sp/hard\libc_nano.a(lib_a-memcpy-stub.o)
 .debug_frame   0x00000000000059f0       0x20 c:/st/stm32cubeide_1.4.0/stm32cubeide/plugins/com.st.stm32cube.ide.mcu.externaltools.gnu-tools-for-stm32.7-2018-q2-update.win32_1.4.0.202007081208/tools/bin/../lib/gcc/arm-none-eabi/7.3.1/../../../../arm-none-eabi/lib/thumb/v7e-m/fpv4-sp/hard\libc_nano.a(lib_a-memset.o)
 .debug_frame   0x0000000000005a10       0x20 c:/st/stm32cubeide_1.4.0/stm32cubeide/plugins/com.st.stm32cube.ide.mcu.externaltools.gnu-tools-for-stm32.7-2018-q2-update.win32_1.4.0.202007081208/tools/bin/../lib/gcc/arm-none-eabi/7.3.1/../../../../arm-none-eabi/lib/thumb/v7e-m/fpv4-sp/hard\libc_nano.a(lib_a-strcpy.o)
 .debug_frame   0x0000000000005a30       0x2c c:/st/stm32cubeide_1.4.0/stm32cubeide/plugins/com.st.stm32cube.ide.mcu.externaltools.gnu-tools-for-stm32.7-2018-q2-update.win32_1.4.0.202007081208/tools/bin/../lib/gcc/arm-none-eabi/7.3.1/thumb/v7e-m/fpv4-sp/hard\libgcc.a(_aeabi_uldivmod.o)
 .debug_frame   0x0000000000005a5c       0x34 c:/st/stm32cubeide_1.4.0/stm32cubeide/plugins/com.st.stm32cube.ide.mcu.externaltools.gnu-tools-for-stm32.7-2018-q2-update.win32_1.4.0.202007081208/tools/bin/../lib/gcc/arm-none-eabi/7.3.1/thumb/v7e-m/fpv4-sp/hard\libgcc.a(_udivmoddi4.o)
